Component: ARM Compiler 6.16 Tool: armlink [5dfeaa00]

==============================================================================

Section Cross References

    main.o(.text) refers (Special) to _printf_f.o(.ARM.Collect$$_printf_percent$$00000003) for _printf_f
    main.o(.text) refers (Special) to printf1.o(x$fpl$printf1) for _printf_fp_dec
    main.o(.text) refers (Special) to _printf_dec.o(.text) for _printf_int_dec
    main.o(.text) refers (Special) to _printf_percent.o(.ARM.Collect$$_printf_percent$$00000000) for _printf_percent
    main.o(.text) refers (Special) to _printf_u.o(.ARM.Collect$$_printf_percent$$0000000A) for _printf_u
    main.o(.text.main) refers (Special) to _printf_f.o(.ARM.Collect$$_printf_percent$$00000003) for _printf_f
    main.o(.text.main) refers (Special) to printf1.o(x$fpl$printf1) for _printf_fp_dec
    main.o(.text.main) refers (Special) to _printf_dec.o(.text) for _printf_int_dec
    main.o(.text.main) refers (Special) to _printf_percent.o(.ARM.Collect$$_printf_percent$$00000000) for _printf_percent
    main.o(.text.main) refers (Special) to _printf_u.o(.ARM.Collect$$_printf_percent$$0000000A) for _printf_u
    main.o(.text.main) refers to stm32f4xx_hal.o(.text.HAL_Init) for HAL_Init
    main.o(.text.main) refers to main.o(.data.moisture_threshold) for moisture_threshold
    main.o(.text.main) refers to config.o(.text.cfg_load_uint32) for cfg_load_uint32
    main.o(.text.main) refers to main.o(.text.SystemClock_Config) for SystemClock_Config
    main.o(.text.main) refers to dht11.o(.text.DHT11_Init) for DHT11_Init
    main.o(.text.main) refers to relay.o(.text.relay_init) for relay_init
    main.o(.text.main) refers to servo.o(.text.servo_init) for servo_init
    main.o(.text.main) refers to mqtt.o(.text.wifi_init) for wifi_init
    main.o(.text.main) refers to mqtt.o(.text.mqtt_init) for mqtt_init
    main.o(.text.main) refers to timer.o(.text.timer_init) for timer_init
    main.o(.text.main) refers to main.o(.text.MX_TIM1_Init) for MX_TIM1_Init
    main.o(.text.main) refers to main.o(.text.led_init) for led_init
    main.o(.text.main) refers to main.o(.rodata.str1.1) for .L.str
    main.o(.text.main) refers to mqtt.o(.text.mqtt_publish) for mqtt_publish
    main.o(.text.main) refers to main.o(.bss.config_flag) for config_flag
    main.o(.text.main) refers to main.o(.bss.manual_flag) for manual_flag
    main.o(.text.main) refers to main.o(.bss.manual_stop_flag) for manual_stop_flag
    main.o(.text.main) refers to main.o(.bss.watering) for watering
    main.o(.text.main) refers to main.o(.bss.pump_timer_ms) for pump_timer_ms
    main.o(.text.main) refers to sensor.o(.bss.hadc1) for hadc1
    main.o(.text.main) refers to main.o(.bss.light_percent) for light_percent
    main.o(.text.main) refers to mqtt.o(.text.mqtt_process_uart) for mqtt_process_uart
    main.o(.text.main) refers to main.o(.bss.s500_flag) for s500_flag
    main.o(.text.main) refers to stm32f4xx_hal_gpio.o(.text.HAL_GPIO_TogglePin) for HAL_GPIO_TogglePin
    main.o(.text.main) refers to stm32f4xx_hal_adc.o(.text.HAL_ADC_Stop) for HAL_ADC_Stop
    main.o(.text.main) refers to stm32f4xx_hal_adc.o(.text.HAL_ADC_DeInit) for HAL_ADC_DeInit
    main.o(.text.main) refers to main.o(.bss.main.tick) for main.tick
    main.o(.text.main) refers to dht11.o(.text.DHT11_Read) for DHT11_Read
    main.o(.text.main) refers to sensor.o(.text.sensor_init) for sensor_init
    main.o(.text.main) refers to stm32f4xx_hal_adc.o(.text.HAL_ADC_Start) for HAL_ADC_Start
    main.o(.text.main) refers to stm32f4xx_hal_adc.o(.text.HAL_ADC_PollForConversion) for HAL_ADC_PollForConversion
    main.o(.text.main) refers to stm32f4xx_hal_adc.o(.text.HAL_ADC_GetValue) for HAL_ADC_GetValue
    main.o(.text.main) refers to main.o(.bss.moisture_raw) for moisture_raw
    main.o(.text.main) refers to main.o(.bss.light_raw) for light_raw
    main.o(.text.main) refers to sensor.o(.text.CalibratedMoisture) for CalibratedMoisture
    main.o(.text.main) refers to main.o(.bss.moisture_percent) for moisture_percent
    main.o(.text.main) refers to sensor.o(.text.Sensor_ConvertToPercentage) for Sensor_ConvertToPercentage
    main.o(.text.main) refers to f2d.o(x$fpl$f2d) for __aeabi_f2d
    main.o(.text.main) refers to main.o(.bss.dht_temp) for dht_temp
    main.o(.text.main) refers to main.o(.bss.dht_hum) for dht_hum
    main.o(.text.main) refers to __2snprintf.o(.text) for __2snprintf
    main.o(.text.main) refers to mqtt.o(.text.mqtt_publish_raw) for mqtt_publish_raw
    main.o(.text.main) refers to relay.o(.text.relay_set) for relay_set
    main.o(.text.main) refers to servo.o(.text.servo_start_sweep) for servo_start_sweep
    main.o(.text.main) refers to servo.o(.text.servo_stop) for servo_stop
    main.o(.text.main) refers to main.o(.bss.h_flag) for h_flag
    main.o(.text.main) refers to config.o(.text.cfg_store_uint32) for cfg_store_uint32
[...]
    [Anonymous Symbol]                       0x08003f68   Section        0  servo.o(.text.servo_init)
    [Anonymous Symbol]                       0x08004030   Section        0  servo.o(.text.servo_start_sweep)
    [Anonymous Symbol]                       0x0800406c   Section        0  servo.o(.text.servo_stop)
    set_input                                0x0800408d   Thumb Code    36  dht11.o(.text.set_input)
    [Anonymous Symbol]                       0x0800408c   Section        0  dht11.o(.text.set_input)
    set_output                               0x080040b1   Thumb Code    38  dht11.o(.text.set_output)
    [Anonymous Symbol]                       0x080040b0   Section        0  dht11.o(.text.set_output)
    [Anonymous Symbol]                       0x080040d8   Section        0  timer.o(.text.timer_init)
    [Anonymous Symbol]                       0x080040dc   Section        0  mqtt.o(.text.wifi_init)
    CL$$btod_d2e                             0x08004178   Section       62  btod.o(CL$$btod_d2e)
    CL$$btod_d2e_denorm_low                  0x080041b6   Section       70  btod.o(CL$$btod_d2e_denorm_low)
    CL$$btod_d2e_norm_op1                    0x080041fc   Section       96  btod.o(CL$$btod_d2e_norm_op1)
    CL$$btod_div_common                      0x0800425c   Section      824  btod.o(CL$$btod_div_common)
    CL$$btod_e2e                             0x08004594   Section      220  btod.o(CL$$btod_e2e)
    CL$$btod_ediv                            0x08004670   Section       42  btod.o(CL$$btod_ediv)
    CL$$btod_emul                            0x0800469a   Section       42  btod.o(CL$$btod_emul)
    CL$$btod_mult_common                     0x080046c4   Section      580  btod.o(CL$$btod_mult_common)
    i.__ARM_fpclassify                       0x08004908   Section        0  fpclassify.o(i.__ARM_fpclassify)
    i._is_digit                              0x08004938   Section        0  __printf_wp.o(i._is_digit)
    locale$$code                             0x08004948   Section       44  lc_ctype_c.o(locale$$code)
    locale$$code                             0x08004974   Section       44  lc_numeric_c.o(locale$$code)
    $v0                                      0x080049a0   Number         0  dretinf.o(x$fpl$dretinf)
    x$fpl$dretinf                            0x080049a0   Section       12  dretinf.o(x$fpl$dretinf)
    $v0                                      0x080049ac   Number         0  f2d.o(x$fpl$f2d)
    x$fpl$f2d                                0x080049ac   Section       86  f2d.o(x$fpl$f2d)
    $v0                                      0x08004a02   Number         0  fnaninf.o(x$fpl$fnaninf)
    x$fpl$fnaninf                            0x08004a02   Section      140  fnaninf.o(x$fpl$fnaninf)
    $v0                                      0x08004a8e   Number         0  fpinit.o(x$fpl$fpinit)
    x$fpl$fpinit                             0x08004a8e   Section       26  fpinit.o(x$fpl$fpinit)
    $v0                                      0x08004aa8   Number         0  printf1.o(x$fpl$printf1)
    x$fpl$printf1                            0x08004aa8   Section        4  printf1.o(x$fpl$printf1)
    tenpwrs_x                                0x08004aac   Data          60  bigflt0.o(.constdata)
    .constdata                               0x08004aac   Section      148  bigflt0.o(.constdata)
    x$fpl$usenofp                            0x08004aac   Section        0  usenofp.o(x$fpl$usenofp)
    tenpwrs_i                                0x08004ae8   Data          64  bigflt0.o(.constdata)
    .L__const.erase_cfg_sector.er            0x08004b40   Data          20  config.o(.rodata..L__const.erase_cfg_sector.er)
    .L.str                                   0x08004b6c   Data          19  main.o(.rodata.str1.1)
    [Anonymous Symbol]                       0x08004b6c   Section        0  main.o(.rodata.str1.1)
    .L.str.5                                 0x08004b7f   Data          14  main.o(.rodata.str1.1)
    .L.str.4                                 0x08004b8d   Data          15  main.o(.rodata.str1.1)
    .L.str.18                                0x08004b9b   Data           1  main.o(.rodata.str1.1)
    .L.str.16                                0x08004b9c   Data          41  mqtt.o(.rodata.str1.1)
    [Anonymous Symbol]                       0x08004b9c   Section        0  mqtt.o(.rodata.str1.1)
    .L.str.13                                0x08004bc5   Data          19  mqtt.o(.rodata.str1.1)
    .L.str.1                                 0x08004bd8   Data          14  mqtt.o(.rodata.str1.1)
    .L.str.3                                 0x08004be6   Data          11  mqtt.o(.rodata.str1.1)
    .L.str.9                                 0x08004bf1   Data           5  mqtt.o(.rodata.str1.1)
    .L.str.12                                0x08004bf6   Data          12  mqtt.o(.rodata.str1.1)
    .L.str.22                                0x08004c02   Data          20  mqtt.o(.rodata.str1.1)
    .L.str.4                                 0x08004c16   Data          14  mqtt.o(.rodata.str1.1)
    .L.str.2                                 0x08004c24   Data          11  mqtt.o(.rodata.str1.1)
    .L.str.11                                0x08004c2f   Data           7  mqtt.o(.rodata.str1.1)
    .L.str.10                                0x08004c36   Data           7  mqtt.o(.rodata.str1.1)
    .L.str.17                                0x08004c3d   Data          15  mqtt.o(.rodata.str1.1)
    .L.str.5                                 0x08004c4c   Data          17  mqtt.o(.rodata.str1.1)
    .L.str.14                                0x08004c5d   Data           7  mqtt.o(.rodata.str1.1)
    locale$$data                             0x08004c84   Section      272  lc_ctype_c.o(locale$$data)
    __lcctype_c_name                         0x08004c88   Data           2  lc_ctype_c.o(locale$$data)
    __lcctype_c_start                        0x08004c90   Data           0  lc_ctype_c.o(locale$$data)
    __lcctype_c_end                          0x08004d94   Data           0  lc_ctype_c.o(locale$$data)
    locale$$data                             0x08004d94   Section       28  lc_numeric_c.o(locale$$data)
    __lcnum_c_name                           0x08004d98   Data           2  lc_numeric_c.o(locale$$data)
    __lcnum_c_start                          0x08004da0   Data           0  lc_numeric_c.o(locale$$data)
    __lcnum_c_point                          0x08004dac   Data           0  lc_numeric_c.o(locale$$data)
    __lcnum_c_thousands                      0x08004dae   Data           0  lc_numeric_c.o(locale$$data)
    __lcnum_c_grouping                       0x08004daf   Data           0  lc_numeric_c.o(locale$$data)
    __lcnum_c_end                            0x08004db0   Data           0  lc_numeric_c.o(locale$$data)
    pulse_us                                 0x20000008   Data           4  servo.o(.data.pulse_us)
    [Anonymous Symbol]                       0x20000008   Section        0  servo.o(.data.pulse_us)
    .bss                                     0x20000018   Section       96  libspace.o(.bss)
    SysTick_Handler.ms500                    0x20000078   Data           4  stm32f4xx_it.o(.bss.SysTick_Handler.ms500)
    [Anonymous Symbol]                       0x20000078   Section        0  stm32f4xx_it.o(.bss.SysTick_Handler.ms500)
    SysTick_Handler.msH                      0x2000007c   Data           4  stm32f4xx_it.o(.bss.SysTick_Handler.msH)
    [Anonymous Symbol]                       0x2000007c   Section        0  stm32f4xx_it.o(.bss.SysTick_Handler.msH)
    direction                                0x20000083   Data           1  servo.o(.bss.direction)
    [Anonymous Symbol]                       0x20000083   Section        0  servo.o(.bss.direction)
    idx                                      0x200001a4   Data           2  mqtt.o(.bss.idx)
    [Anonymous Symbol]                       0x200001a4   Section        0  mqtt.o(.bss.idx)
    main.tick                                0x200001b1   Data           1  main.o(.bss.main.tick)
    [Anonymous Symbol]                       0x200001b1   Section        0  main.o(.bss.main.tick)
    relay_state                              0x200001e0   Data           1  relay.o(.bss.relay_state)
    [Anonymous Symbol]                       0x200001e0   Section        0  relay.o(.bss.relay_state)
    rx                                       0x200001e1   Data         256  mqtt.o(.bss.rx)
    [Anonymous Symbol]                       0x200001e1   Section        0  mqtt.o(.bss.rx)
    sConfig                                  0x200002e4   Data          16  sensor.o(.bss.sConfig)
    [Anonymous Symbol]                       0x200002e4   Section        0  sensor.o(.bss.sConfig)
    sweeping                                 0x200002f4   Data           1  servo.o(.bss.sweeping)
    [Anonymous Symbol]                       0x200002f4   Section        0  servo.o(.bss.sweeping)
    Heap_Mem                                 0x20000300   Data         512  startup_stm32f407xx.o(HEAP)
    HEAP                                     0x20000300   Section      512  startup_stm32f407xx.o(HEAP)
    Stack_Mem                                0x20000500   Data        1024  startup_stm32f407xx.o(STACK)
    STACK                                    0x20000500   Section     1024  startup_stm32f407xx.o(STACK)
    __initial_sp                             0x20000900   Data           0  startup_stm32f407xx.o(STACK)

    Global Symbols

    Symbol Name                              Value     Ov Type        Size  Object(Section)

    BuildAttributes$$THM_ISAv4$E$P$D$K$B$S$7EM$VFPi3$EXTD16$VFPS$VFMA$PE$A:L22UL41UL21$X:L11$S22US41US21$IEEE1$IW$~IW$USESV6$~STKCKD$USESV7$~SHL$OTIME$ROPI$IEEEJ$EBA8$UX$STANDARDLIB$REQ8$PRES8$EABIv2 0x00000000   Number         0  anon$$obj.o ABSOLUTE
    _printf_flags                            0x00000000   Number         0  printf_stubs.o ABSOLUTE
    _printf_return_value                     0x00000000   Number         0  printf_stubs.o ABSOLUTE
    _printf_sizespec                         0x00000000   Number         0  printf_stubs.o ABSOLUTE
    _printf_widthprec                        0x00000000   Number         0  printf_stubs.o ABSOLUTE
    __ARM_exceptions_init                     - Undefined Weak Reference
    __alloca_initialize                       - Undefined Weak Reference
    __arm_preinit_                            - Undefined Weak Reference
    __cpp_initialize__aeabi_                  - Undefined Weak Reference
    __cxa_finalize                            - Undefined Weak Reference
    __sigvec_lookup                           - Undefined Weak Reference
    _atexit_init                              - Undefined Weak Reference
    _call_atexit_fns                          - Undefined Weak Reference
    _clock_init                               - Undefined Weak Reference
    _fp_trap_init                             - Undefined Weak Reference
    _fp_trap_shutdown                         - Undefined Weak Reference
    _get_lc_collate                           - Undefined Weak Reference
    _get_lc_monetary                          - Undefined Weak Reference
    _get_lc_time                              - Undefined Weak Reference
    _getenv_init                              - Undefined Weak Reference
    _handle_redirection                       - Undefined Weak Reference
    _init_alloc                               - Undefined Weak Reference
    _init_user_alloc                          - Undefined Weak Reference
    _initio                                   - Undefined Weak Reference
    _printf_mbtowc                            - Undefined Weak Reference
    _printf_post_padding                      - Undefined Weak Reference
    _printf_pre_padding                       - Undefined Weak Reference
    _printf_truncate_signed                   - Undefined Weak Reference
    _printf_truncate_unsigned                 - Undefined Weak Reference
    _rand_init                                - Undefined Weak Reference
    _signal_finish                            - Undefined Weak Reference
    _signal_init                              - Undefined Weak Reference
    _terminate_alloc                          - Undefined Weak Reference
    _terminate_user_alloc                     - Undefined Weak Reference
    _terminateio                              - Undefined Weak Reference
    __Vectors_Size                           0x00000188   Number         0  startup_stm32f407xx.o ABSOLUTE
    __Vectors                                0x08000000   Data           4  startup_stm32f407xx.o(RESET)
    __Vectors_End                            0x08000188   Data           0  startup_stm32f407xx.o(RESET)
    __main                                   0x08000189   Thumb Code     8  __main.o(!!!main)
    __scatterload                            0x08000191   Thumb Code     0  __scatter.o(!!!scatter)
    __scatterload_rt2                        0x08000191   Thumb Code    44  __scatter.o(!!!scatter)
    __scatterload_rt2_thumb_only             0x08000191   Thumb Code     0  __scatter.o(!!!scatter)
    __scatterload_null                       0x0800019f   Thumb Code     0  __scatter.o(!!!scatter)
    __scatterload_copy                       0x080001c5   Thumb Code    26  __scatter_copy.o(!!handler_copy)
    __scatterload_zeroinit                   0x080001e1   Thumb Code    28  __scatter_zi.o(!!handler_zi)
    _printf_f                                0x080001fd   Thumb Code     0  _printf_f.o(.ARM.Collect$$_printf_percent$$00000003)
    _printf_percent                          0x080001fd   Thumb Code     0  _printf_percent.o(.ARM.Collect$$_printf_percent$$00000000)
    _printf_d                                0x08000203   Thumb Code     0  _printf_d.o(.ARM.Collect$$_printf_percent$$00000009)
    _printf_u                                0x08000209   Thumb Code     0  _printf_u.o(.ARM.Collect$$_printf_percent$$0000000A)
    _printf_s                                0x0800020f   Thumb Code     0  _printf_s.o(.ARM.Collect$$_printf_percent$$00000014)
    _printf_percent_end                      0x08000215   Thumb Code     0  _printf_percent_end.o(.ARM.Collect$$_printf_percent$$00000017)
    __rt_lib_init                            0x08000219   Thumb Code     0  libinit.o(.ARM.Collect$$libinit$$00000000)
    __rt_lib_init_fp_1                       0x0800021b   Thumb Code     0  libinit2.o(.ARM.Collect$$libinit$$00000001)
    __rt_lib_init_heap_1                     0x0800021f   Thumb Code     0  libinit2.o(.ARM.Collect$$libinit$$0000000A)
    __rt_lib_init_lc_common                  0x0800021f   Thumb Code     0  libinit2.o(.ARM.Collect$$libinit$$0000000F)
    __rt_lib_init_preinit_1                  0x0800021f   Thumb Code     0  libinit2.o(.ARM.Collect$$libinit$$00000004)
    __rt_lib_init_rand_1                     0x0800021f   Thumb Code     0  libinit2.o(.ARM.Collect$$libinit$$0000000E)
    __rt_lib_init_user_alloc_1               0x0800021f   Thumb Code     0  libinit2.o(.ARM.Collect$$libinit$$0000000C)
    __rt_lib_init_lc_collate_1               0x08000225   Thumb Code     0  libinit2.o(.ARM.Collect$$libinit$$00000011)
    __rt_lib_init_lc_ctype_2                 0x08000225   Thumb Code     0  libinit2.o(.ARM.Collect$$libinit$$00000012)
    __rt_lib_init_lc_ctype_1                 0x08000231   Thumb Code     0  libinit2.o(.ARM.Collect$$libinit$$00000013)
    __rt_lib_init_lc_monetary_1              0x08000231   Thumb Code     0  libinit2.o(.ARM.Collect$$libinit$$00000015)
    __rt_lib_init_lc_numeric_2               0x08000231   Thumb Code     0  libinit2.o(.ARM.Collect$$libinit$$00000016)
    __rt_lib_init_alloca_1                   0x0800023b   Thumb Code     0  libinit2.o(.ARM.Collect$$libinit$$0000002E)
    __rt_lib_init_argv_1                     0x0800023b   Thumb Code     0  libinit2.o(.ARM.Collect$$libinit$$0000002C)
    __rt_lib_init_atexit_1                   0x0800023b   Thumb Code     0  libinit2.o(.ARM.Collect$$libinit$$0000001B)
    __rt_lib_init_clock_1                    0x0800023b   Thumb Code     0  libinit2.o(.ARM.Collect$$libinit$$00000021)
    __rt_lib_init_cpp_1                      0x0800023b   Thumb Code     0  libinit2.o(.ARM.Collect$$libinit$$00000032)
    __rt_lib_init_exceptions_1               0x0800023b   Thumb Code     0  libinit2.o(.ARM.Collect$$libinit$$00000030)
    __rt_lib_init_fp_trap_1                  0x0800023b   Thumb Code     0  libinit2.o(.ARM.Collect$$libinit$$0000001F)
    __rt_lib_init_getenv_1                   0x0800023b   Thumb Code     0  libinit2.o(.ARM.Collect$$libinit$$00000023)
    __rt_lib_init_lc_numeric_1               0x0800023b   Thumb Code     0  libinit2.o(.ARM.Collect$$libinit$$00000017)
    __rt_lib_init_lc_time_1                  0x0800023b   Thumb Code     0  libinit2.o(.ARM.Collect$$libinit$$00000019)
    __rt_lib_init_return                     0x0800023b   Thumb Code     0  libinit2.o(.ARM.Collect$$libinit$$00000033)
    __rt_lib_init_signal_1                   0x0800023b   Thumb Code     0  libinit2.o(.ARM.Collect$$libinit$$0000001D)
    __rt_lib_init_stdio_1                    0x0800023b   Thumb Code     0  libinit2.o(.ARM.Collect$$libinit$$00000025)
    __rt_lib_shutdown                        0x0800023d   Thumb Code     0  libshutdown.o(.ARM.Collect$$libshutdown$$00000000)
    __rt_lib_shutdown_cpp_1                  0x0800023f   Thumb Code     0  libshutdown2.o(.ARM.Collect$$libshutdown$$00000002)
    __rt_lib_shutdown_fp_trap_1              0x0800023f   Thumb Code     0  libshutdown2.o(.ARM.Collect$$libshutdown$$00000007)
    __rt_lib_shutdown_heap_1                 0x0800023f   Thumb Code     0  libshutdown2.o(.ARM.Collect$$libshutdown$$0000000F)
    __rt_lib_shutdown_return                 0x0800023f   Thumb Code     0  libshutdown2.o(.ARM.Collect$$libshutdown$$00000010)
    __rt_lib_shutdown_signal_1               0x0800023f   Thumb Code     0  libshutdown2.o(.ARM.Collect$$libshutdown$$0000000A)
    __rt_lib_shutdown_stdio_1                0x0800023f   Thumb Code     0  libshutdown2.o(.ARM.Collect$$libshutdown$$00000004)
    __rt_lib_shutdown_user_alloc_1           0x0800023f   Thumb Code     0  libshutdown2.o(.ARM.Collect$$libshutdown$$0000000C)
    __rt_entry                               0x08000241   Thumb Code     0  __rtentry.o(.ARM.Collect$$rtentry$$00000000)
    __rt_entry_presh_1                       0x08000241   Thumb Code     0  __rtentry2.o(.ARM.Collect$$rtentry$$00000002)
    __rt_entry_sh                            0x08000241   Thumb Code     0  __rtentry4.o(.ARM.Collect$$rtentry$$00000004)
    __rt_entry_li                            0x08000247   Thumb Code     0  __rtentry2.o(.ARM.Collect$$rtentry$$0000000A)
    __rt_entry_postsh_1                      0x08000247   Thumb Code     0  __rtentry2.o(.ARM.Collect$$rtentry$$00000009)
    __rt_entry_main                          0x0800024b   Thumb Code     0  __rtentry2.o(.ARM.Collect$$rtentry$$0000000D)
    __rt_entry_postli_1                      0x0800024b   Thumb Code     0  __rtentry2.o(.ARM.Collect$$rtentry$$0000000C)
    __rt_exit                                0x08000253   Thumb Code     0  rtexit.o(.ARM.Collect$$rtexit$$00000000)
    __rt_exit_ls                             0x08000255   Thumb Code     0  rtexit2.o(.ARM.Collect$$rtexit$$00000003)
    __rt_exit_prels_1                        0x08000255   Thumb Code     0  rtexit2.o(.ARM.Collect$$rtexit$$00000002)
    __rt_exit_exit                           0x08000259   Thumb Code     0  rtexit2.o(.ARM.Collect$$rtexit$$00000004)
    Reset_Handler                            0x08000261   Thumb Code     8  startup_stm32f407xx.o(.text)
    NMI_Handler                              0x08000269   Thumb Code     2  startup_stm32f407xx.o(.text)
    HardFault_Handler                        0x0800026b   Thumb Code     2  startup_stm32f407xx.o(.text)
    MemManage_Handler                        0x0800026d   Thumb Code     2  startup_stm32f407xx.o(.text)
    BusFault_Handler                         0x0800026f   Thumb Code     2  startup_stm32f407xx.o(.text)
    UsageFault_Handler                       0x08000271   Thumb Code     2  startup_stm32f407xx.o(.text)
    SVC_Handler                              0x08000273   Thumb Code     2  startup_stm32f407xx.o(.text)
    DebugMon_Handler                         0x08000275   Thumb Code     2  startup_stm32f407xx.o(.text)
    PendSV_Handler                           0x08000277   Thumb Code     2  startup_stm32f407xx.o(.text)
    CAN1_RX0_IRQHandler                      0x0800027b   Thumb Code     0  startup_stm32f407xx.o(.text)
    CAN1_RX1_IRQHandler                      0x0800027b   Thumb Code     0  startup_stm32f407xx.o(.text)
    CAN1_SCE_IRQHandler                      0x0800027b   Thumb Code     0  startup_stm32f407xx.o(.text)
    CAN1_TX_IRQHandler                       0x0800027b   Thumb Code     0  startup_stm32f407xx.o(.text)
    CAN2_RX0_IRQHandler                      0x0800027b   Thumb Code     0  startup_stm32f407xx.o(.text)
    CAN2_RX1_IRQHandler                      0x0800027b   Thumb Code     0  startup_stm32f407xx.o(.text)
    CAN2_SCE_IRQHandler                      0x0800027b   Thumb Code     0  startup_stm32f407xx.o(.text)
    CAN2_TX_IRQHandler                       0x0800027b   Thumb Code     0  startup_stm32f407xx.o(.text)
    DCMI_IRQHandler                          0x0800027b   Thumb Code     0  startup_stm32f407xx.o(.text)
    DMA1_Stream0_IRQHandler                  0x0800027b   Thumb Code     0  startup_stm32f407xx.o(.text)
    DMA1_Stream1_IRQHandler                  0x0800027b   Thumb Code     0  startup_stm32f407xx.o(.text)
    DMA1_Stream2_IRQHandler                  0x0800027b   Thumb Code     0  startup_stm32f407xx.o(.text)
    DMA1_Stream3_IRQHandler                  0x0800027b   Thumb Code     0  startup_stm32f407xx.o(.text)
    DMA1_Stream4_IRQHandler                  0x0800027b   Thumb Code     0  startup_stm32f407xx.o(.text)
    DMA1_Stream5_IRQHandler                  0x0800027b   Thumb Code     0  startup_stm32f407xx.o(.text)
    DMA1_Stream6_IRQHandler                  0x0800027b   Thumb Code     0  startup_stm32f407xx.o(.text)
    DMA1_Stream7_IRQHandler                  0x0800027b   Thumb Code     0  startup_stm32f407xx.o(.text)
    DMA2_Stream0_IRQHandler                  0x0800027b   Thumb Code     0  startup_stm32f407xx.o(.text)
    DMA2_Stream1_IRQHandler                  0x0800027b   Thumb Code     0  startup_stm32f407xx.o(.text)
    DMA2_Stream2_IRQHandler                  0x0800027b   Thumb Code     0  startup_stm32f407xx.o(.text)
    DMA2_Stream3_IRQHandler                  0x0800027b   Thumb Code     0  startup_stm32f407xx.o(.text)
    DMA2_Stream4_IRQHandler                  0x0800027b   Thumb Code     0  startup_stm32f407xx.o(.text)
    DMA2_Stream5_IRQHandler                  0x0800027b   Thumb Code     0  startup_stm32f407xx.o(.text)
    DMA2_Stream6_IRQHandler                  0x0800027b   Thumb Code     0  startup_stm32f407xx.o(.text)
    DMA2_Stream7_IRQHandler                  0x0800027b   Thumb Code     0  startup_stm32f407xx.o(.text)
    ETH_IRQHandler                           0x0800027b   Thumb Code     0  startup_stm32f407xx.o(.text)
    ETH_WKUP_IRQHandler                      0x0800027b   Thumb Code     0  startup_stm32f407xx.o(.text)
    EXTI0_IRQHandler                         0x0800027b   Thumb Code     0  startup_stm32f407xx.o(.text)
    EXTI15_10_IRQHandler                     0x0800027b   Thumb Code     0  startup_stm32f407xx.o(.text)
    EXTI1_IRQHandler                         0x0800027b   Thumb Code     0  startup_stm32f407xx.o(.text)
    EXTI2_IRQHandler                         0x0800027b   Thumb Code     0  startup_stm32f407xx.o(.text)
    EXTI3_IRQHandler                         0x0800027b   Thumb Code     0  startup_stm32f407xx.o(.text)
    EXTI4_IRQHandler                         0x0800027b   Thumb Code     0  startup_stm32f407xx.o(.text)
    EXTI9_5_IRQHandler                       0x0800027b   Thumb Code     0  startup_stm32f407xx.o(.text)
    FLASH_IRQHandler                         0x0800027b   Thumb Code     0  startup_stm32f407xx.o(.text)
    FMC_IRQHandler                           0x0800027b   Thumb Code     0  startup_stm32f407xx.o(.text)
    FPU_IRQHandler                           0x0800027b   Thumb Code     0  startup_stm32f407xx.o(.text)
    HASH_RNG_IRQHandler                      0x0800027b   Thumb Code     0  startup_stm32f407xx.o(.text)
    I2C1_ER_IRQHandler                       0x0800027b   Thumb Code     0  startup_stm32f407xx.o(.text)
    I2C1_EV_IRQHandler                       0x0800027b   Thumb Code     0  startup_stm32f407xx.o(.text)
    I2C2_ER_IRQHandler                       0x0800027b   Thumb Code     0  startup_stm32f407xx.o(.text)
    I2C2_EV_IRQHandler                       0x0800027b   Thumb Code     0  startup_stm32f407xx.o(.text)
    I2C3_ER_IRQHandler                       0x0800027b   Thumb Code     0  startup_stm32f407xx.o(.text)
    I2C3_EV_IRQHandler                       0x0800027b   Thumb Code     0  startup_stm32f407xx.o(.text)
    OTG_FS_IRQHandler                        0x0800027b   Thumb Code     0  startup_stm32f407xx.o(.text)
    OTG_FS_WKUP_IRQHandler                   0x0800027b   Thumb Code     0  startup_stm32f407xx.o(.text)
    OTG_HS_EP1_IN_IRQHandler                 0x0800027b   Thumb Code     0  startup_stm32f407xx.o(.text)
    OTG_HS_EP1_OUT_IRQHandler                0x0800027b   Thumb Code     0  startup_stm32f407xx.o(.text)
    OTG_HS_IRQHandler                        0x0800027b   Thumb Code     0  startup_stm32f407xx.o(.text)
    OTG_HS_WKUP_IRQHandler                   0x0800027b   Thumb Code     0  startup_stm32f407xx.o(.text)
    PVD_IRQHandler                           0x0800027b   Thumb Code     0  startup_stm32f407xx.o(.text)
    RCC_IRQHandler                           0x0800027b   Thumb Code     0  startup_stm32f407xx.o(.text)
    RTC_Alarm_IRQHandler                     0x0800027b   Thumb Code     0  startup_stm32f407xx.o(.text)
    RTC_WKUP_IRQHandler                      0x0800027b   Thumb Code     0  startup_stm32f407xx.o(.text)
    SDIO_IRQHandler                          0x0800027b   Thumb Code     0  startup_stm32f407xx.o(.text)
    SPI1_IRQHandler                          0x0800027b   Thumb Code     0  startup_stm32f407xx.o(.text)
    SPI2_IRQHandler                          0x0800027b   Thumb Code     0  startup_stm32f407xx.o(.text)
    SPI3_IRQHandler                          0x0800027b   Thumb Code     0  startup_stm32f407xx.o(.text)
    TAMP_STAMP_IRQHandler                    0x0800027b   Thumb Code     0  startup_stm32f407xx.o(.text)
    TIM1_BRK_TIM9_IRQHandler                 0x0800027b   Thumb Code     0  startup_stm32f407xx.o(.text)
    TIM1_CC_IRQHandler                       0x0800027b   Thumb Code     0  startup_stm32f407xx.o(.text)
    TIM1_TRG_COM_TIM11_IRQHandler            0x0800027b   Thumb Code     0  startup_stm32f407xx.o(.text)
    TIM1_UP_TIM10_IRQHandler                 0x0800027b   Thumb Code     0  startup_stm32f407xx.o(.text)
    TIM2_IRQHandler                          0x0800027b   Thumb Code     0  startup_stm32f407xx.o(.text)
    TIM4_IRQHandler                          0x0800027b   Thumb Code     0  startup_stm32f407xx.o(.text)
    TIM5_IRQHandler                          0x0800027b   Thumb Code     0  startup_stm32f407xx.o(.text)
    TIM6_DAC_IRQHandler                      0x0800027b   Thumb Code     0  startup_stm32f407xx.o(.text)
    TIM7_IRQHandler                          0x0800027b   Thumb Code     0  startup_stm32f407xx.o(.text)
    TIM8_BRK_TIM12_IRQHandler                0x0800027b   Thumb Code     0  startup_stm32f407xx.o(.text)
    TIM8_CC_IRQHandler                       0x0800027b   Thumb Code     0  startup_stm32f407xx.o(.text)
    TIM8_TRG_COM_TIM14_IRQHandler            0x0800027b   Thumb Code     0  startup_stm32f407xx.o(.text)
    TIM8_UP_TIM13_IRQHandler                 0x0800027b   Thumb Code     0  startup_stm32f407xx.o(.text)
    UART4_IRQHandler                         0x0800027b   Thumb Code     0  startup_stm32f407xx.o(.text)
    UART5_IRQHandler                         0x0800027b   Thumb Code     0  startup_stm32f407xx.o(.text)
    USART1_IRQHandler                        0x0800027b   Thumb Code     0  startup_stm32f407xx.o(.text)
    USART3_IRQHandler                        0x0800027b   Thumb Code     0  startup_stm32f407xx.o(.text)
    USART6_IRQHandler                        0x0800027b   Thumb Code     0  startup_stm32f407xx.o(.text)
    WWDG_IRQHandler                          0x0800027b   Thumb Code     0  startup_stm32f407xx.o(.text)
    __user_initial_stackheap                 0x0800027d   Thumb Code     0  startup_stm32f407xx.o(.text)
    __aeabi_uldivmod                         0x080002a1   Thumb Code     0  lludivv7m.o(.text)
    _ll_udiv                                 0x080002a1   Thumb Code   240  lludivv7m.o(.text)
    __2snprintf                              0x08000391   Thumb Code    50  __2snprintf.o(.text)
    _printf_str                              0x080003c9   Thumb Code    82  _printf_str.o(.text)
    _printf_int_dec                          0x0800041d   Thumb Code   104  _printf_dec.o(.text)
    __printf                                 0x08000495   Thumb Code   352  __printf_ss_wp.o(.text)
    strtoul                                  0x080005f5   Thumb Code   114  strtoul.o(.text)
    strchr                                   0x08000667   Thumb Code    20  strchr.o(.text)
    strstr                                   0x0800067b   Thumb Code    36  strstr.o(.text)
    strrchr                                  0x0800069f   Thumb Code    22  strrchr.o(.text)
    strlen                                   0x080006b5   Thumb Code    62  strlen.o(.text)
    __aeabi_memclr4                          0x080006f3   Thumb Code     0  rt_memclr_w.o(.text)
    __aeabi_memclr8                          0x080006f3   Thumb Code     0  rt_memclr_w.o(.text)
    __rt_memclr_w                            0x080006f3   Thumb Code     0  rt_memclr_w.o(.text)
    _memset_w                                0x080006f7   Thumb Code    74  rt_memclr_w.o(.text)
    strcmp                                   0x08000741   Thumb Code   124  strcmpv7em.o(.text)
    __use_two_region_memory                  0x080007bd   Thumb Code     2  heapauxi.o(.text)
    __rt_heap_escrow$2region                 0x080007bf   Thumb Code     2  heapauxi.o(.text)
    __rt_heap_expand$2region                 0x080007c1   Thumb Code     2  heapauxi.o(.text)
    __rt_ctype_table                         0x080007c5   Thumb Code    16  rt_ctype_table.o(.text)
    __aeabi_errno_addr                       0x080007d5   Thumb Code     8  rt_errno_addr_intlibspace.o(.text)
    __errno$intlibspace                      0x080007d5   Thumb Code     0  rt_errno_addr_intlibspace.o(.text)
    __rt_errno_addr$intlibspace              0x080007d5   Thumb Code     0  rt_errno_addr_intlibspace.o(.text)
    _printf_int_common                       0x080007dd   Thumb Code   178  _printf_intcommon.o(.text)
    _printf_fp_dec_real                      0x08000a3f   Thumb Code   620  _printf_fp_dec.o(.text)
    _printf_char_common                      0x08000cb7   Thumb Code    32  _printf_char_common.o(.text)
    _sputc                                   0x08000cdd   Thumb Code    10  _sputc.o(.text)
    _snputc                                  0x08000ce7   Thumb Code    16  _snputc.o(.text)
    _printf_cs_common                        0x08000cf7   Thumb Code    20  _printf_char.o(.text)
    _printf_char                             0x08000d0b   Thumb Code    16  _printf_char.o(.text)
    _printf_string                           0x08000d1b   Thumb Code     8  _printf_char.o(.text)
    _strtoul                                 0x08000d23   Thumb Code   158  _strtoul.o(.text)
    __user_libspace                          0x08000dc1   Thumb Code     8  libspace.o(.text)
    __user_perproc_libspace                  0x08000dc1   Thumb Code     0  libspace.o(.text)
    __user_perthread_libspace                0x08000dc1   Thumb Code     0  libspace.o(.text)
    __rt_locale                              0x08000dc9   Thumb Code     8  rt_locale_intlibspace.o(.text)
    _ll_udiv10                               0x08000dd1   Thumb Code   138  lludiv10.o(.text)
    _printf_fp_infnan                        0x08000e5d   Thumb Code   112  _printf_fp_infnan.o(.text)
    _chval                                   0x08000edd   Thumb Code    28  _chval.o(.text)
    _btod_etento                             0x08000ef9   Thumb Code   224  bigflt0.o(.text)
    __user_setup_stackheap                   0x08000fdd   Thumb Code    74  sys_stackheap_outer.o(.text)
    exit                                     0x08001027   Thumb Code    18  exit.o(.text)
    _sys_exit                                0x08001039   Thumb Code     8  sys_exit.o(.text)
    __I$use$semihosting                      0x08001045   Thumb Code     0  use_no_semi.o(.text)
    __use_no_semihosting_swi                 0x08001045   Thumb Code     2  use_no_semi.o(.text)
    __semihosting_library_function           0x08001047   Thumb Code     0  indicate_semi.o(.text)
    ADC_IRQHandler                           0x08001049   Thumb Code    16  sensor.o(.text.ADC_IRQHandler)
    CalibratedMoisture                       0x08001161   Thumb Code    68  sensor.o(.text.CalibratedMoisture)
    DHT11_Init                               0x08001209   Thumb Code    56  dht11.o(.text.DHT11_Init)
    DHT11_Read                               0x08001241   Thumb Code   128  dht11.o(.text.DHT11_Read)
    Error_Handler                            0x08001351   Thumb Code     6  main.o(.text.Error_Handler)
    FLASH_Erase_Sector                       0x08001359   Thumb Code    70  stm32f4xx_hal_flash_ex.o(.text.FLASH_Erase_Sector)
    FLASH_FlushCaches                        0x080013a1   Thumb Code    88  stm32f4xx_hal_flash_ex.o(.text.FLASH_FlushCaches)
    FLASH_WaitForLastOperation               0x08001531   Thumb Code   106  stm32f4xx_hal_flash.o(.text.FLASH_WaitForLastOperation)
    HAL_ADCEx_InjectedConvCpltCallback       0x0800159d   Thumb Code     2  stm32f4xx_hal_adc_ex.o(.text.HAL_ADCEx_InjectedConvCpltCallback)
    HAL_ADC_ConfigChannel                    0x080015a1   Thumb Code   262  stm32f4xx_hal_adc.o(.text.HAL_ADC_ConfigChannel)
    HAL_ADC_ConvCpltCallback                 0x080016a9   Thumb Code    78  sensor.o(.text.HAL_ADC_ConvCpltCallback)
    HAL_ADC_DeInit                           0x080016f9   Thumb Code    56  stm32f4xx_hal_adc.o(.text.HAL_ADC_DeInit)
    HAL_ADC_ErrorCallback                    0x08001731   Thumb Code     2  stm32f4xx_hal_adc.o(.text.HAL_ADC_ErrorCallback)
    HAL_ADC_GetValue                         0x08001735   Thumb Code     6  stm32f4xx_hal_adc.o(.text.HAL_ADC_GetValue)
    HAL_ADC_IRQHandler                       0x0800173d   Thumb Code   308  stm32f4xx_hal_adc.o(.text.HAL_ADC_IRQHandler)
    HAL_ADC_Init                             0x08001871   Thumb Code    78  stm32f4xx_hal_adc.o(.text.HAL_ADC_Init)
    HAL_ADC_LevelOutOfWindowCallback         0x080018c1   Thumb Code     2  stm32f4xx_hal_adc.o(.text.HAL_ADC_LevelOutOfWindowCallback)
    HAL_ADC_MspDeInit                        0x080018c5   Thumb Code     2  stm32f4xx_hal_adc.o(.text.HAL_ADC_MspDeInit)
    HAL_ADC_MspInit                          0x080018c9   Thumb Code   120  stm32f4xx_hal_msp.o(.text.HAL_ADC_MspInit)
    HAL_ADC_PollForConversion                0x08001941   Thumb Code   190  stm32f4xx_hal_adc.o(.text.HAL_ADC_PollForConversion)
    HAL_ADC_Start                            0x08001a01   Thumb Code   292  stm32f4xx_hal_adc.o(.text.HAL_ADC_Start)
    HAL_ADC_Stop                             0x08001b25   Thumb Code    56  stm32f4xx_hal_adc.o(.text.HAL_ADC_Stop)
    HAL_ADC_Stop_IT                          0x08001b5d   Thumb Code    70  stm32f4xx_hal_adc.o(.text.HAL_ADC_Stop_IT)
    HAL_Delay                                0x08001ba5   Thumb Code    40  stm32f4xx_hal.o(.text.HAL_Delay)
    HAL_FLASHEx_Erase                        0x08001bcd   Thumb Code   178  stm32f4xx_hal_flash_ex.o(.text.HAL_FLASHEx_Erase)
    HAL_FLASH_Lock                           0x08001c81   Thumb Code    20  stm32f4xx_hal_flash.o(.text.HAL_FLASH_Lock)
    HAL_FLASH_Program                        0x08001c95   Thumb Code   134  stm32f4xx_hal_flash.o(.text.HAL_FLASH_Program)
    HAL_FLASH_Unlock                         0x08001d1d   Thumb Code    46  stm32f4xx_hal_flash.o(.text.HAL_FLASH_Unlock)
    HAL_GPIO_Init                            0x08001d4d   Thumb Code   410  stm32f4xx_hal_gpio.o(.text.HAL_GPIO_Init)
    HAL_GPIO_ReadPin                         0x08001ee9   Thumb Code    10  stm32f4xx_hal_gpio.o(.text.HAL_GPIO_ReadPin)
    HAL_GPIO_TogglePin                       0x08001ef5   Thumb Code    16  stm32f4xx_hal_gpio.o(.text.HAL_GPIO_TogglePin)
    HAL_GPIO_WritePin                        0x08001f05   Thumb Code    10  stm32f4xx_hal_gpio.o(.text.HAL_GPIO_WritePin)
    HAL_GetTick                              0x08001f11   Thumb Code    12  stm32f4xx_hal.o(.text.HAL_GetTick)
    HAL_IncTick                              0x08001f1d   Thumb Code    26  stm32f4xx_hal.o(.text.HAL_IncTick)
    HAL_Init                                 0x08001f39   Thumb Code    54  stm32f4xx_hal.o(.text.HAL_Init)
    HAL_InitTick                             0x08001f71   Thumb Code    80  stm32f4xx_hal.o(.text.HAL_InitTick)
    HAL_MspInit                              0x08001fc1   Thumb Code     2  stm32f4xx_hal.o(.text.HAL_MspInit)
    HAL_NVIC_EnableIRQ                       0x08001fc5   Thumb Code     8  stm32f4xx_hal_cortex.o(.text.HAL_NVIC_EnableIRQ)
    HAL_NVIC_SetPriority                     0x08001fcd   Thumb Code    30  stm32f4xx_hal_cortex.o(.text.HAL_NVIC_SetPriority)
    HAL_NVIC_SetPriorityGrouping             0x08001fed   Thumb Code     8  stm32f4xx_hal_cortex.o(.text.HAL_NVIC_SetPriorityGrouping)
    HAL_PWR_EnableBkUpAccess                 0x08001ff5   Thumb Code    30  stm32f4xx_hal_pwr.o(.text.HAL_PWR_EnableBkUpAccess)
    HAL_RCC_ClockConfig                      0x08002015   Thumb Code   352  stm32f4xx_hal_rcc.o(.text.HAL_RCC_ClockConfig)
    HAL_RCC_GetHCLKFreq                      0x08002175   Thumb Code    12  stm32f4xx_hal_rcc.o(.text.HAL_RCC_GetHCLKFreq)
    HAL_RCC_GetPCLK1Freq                     0x08002181   Thumb Code    34  stm32f4xx_hal_rcc.o(.text.HAL_RCC_GetPCLK1Freq)
    HAL_RCC_GetPCLK2Freq                     0x080021a5   Thumb Code    34  stm32f4xx_hal_rcc.o(.text.HAL_RCC_GetPCLK2Freq)
    HAL_RCC_GetSysClockFreq                  0x080021c9   Thumb Code   106  stm32f4xx_hal_rcc.o(.text.HAL_RCC_GetSysClockFreq)
    HAL_RCC_OscConfig                        0x08002235   Thumb Code   840  stm32f4xx_hal_rcc.o(.text.HAL_RCC_OscConfig)
    HAL_SYSTICK_Callback                     0x0800257d   Thumb Code     2  stm32f4xx_hal_cortex.o(.text.HAL_SYSTICK_Callback)
    HAL_SYSTICK_Config                       0x08002581   Thumb Code     8  stm32f4xx_hal_cortex.o(.text.HAL_SYSTICK_Config)
    HAL_SYSTICK_IRQHandler                   0x08002589   Thumb Code     8  stm32f4xx_hal_cortex.o(.text.HAL_SYSTICK_IRQHandler)
    HAL_TIMEx_BreakCallback                  0x08002591   Thumb Code     2  stm32f4xx_hal_tim_ex.o(.text.HAL_TIMEx_BreakCallback)
    HAL_TIMEx_CommutCallback                 0x08002595   Thumb Code     2  stm32f4xx_hal_tim_ex.o(.text.HAL_TIMEx_CommutCallback)
    HAL_TIM_Base_Init                        0x08002599   Thumb Code    90  stm32f4xx_hal_tim.o(.text.HAL_TIM_Base_Init)
    HAL_TIM_Base_MspInit                     0x080025f5   Thumb Code     2  stm32f4xx_hal_tim.o(.text.HAL_TIM_Base_MspInit)
    HAL_TIM_Base_Start                       0x080025f9   Thumb Code   160  stm32f4xx_hal_tim.o(.text.HAL_TIM_Base_Start)
    HAL_TIM_IC_CaptureCallback               0x08002699   Thumb Code     2  stm32f4xx_hal_tim.o(.text.HAL_TIM_IC_CaptureCallback)
    HAL_TIM_IRQHandler                       0x0800269d   Thumb Code   362  stm32f4xx_hal_tim.o(.text.HAL_TIM_IRQHandler)
    HAL_TIM_OC_DelayElapsedCallback          0x08002809   Thumb Code     2  stm32f4xx_hal_tim.o(.text.HAL_TIM_OC_DelayElapsedCallback)
    HAL_TIM_PWM_ConfigChannel                0x0800280d   Thumb Code   152  stm32f4xx_hal_tim.o(.text.HAL_TIM_PWM_ConfigChannel)
    HAL_TIM_PWM_Init                         0x080028a5   Thumb Code    90  stm32f4xx_hal_tim.o(.text.HAL_TIM_PWM_Init)
    HAL_TIM_PWM_MspInit                      0x08002901   Thumb Code     2  stm32f4xx_hal_tim.o(.text.HAL_TIM_PWM_MspInit)
    HAL_TIM_PWM_PulseFinishedCallback        0x08002905   Thumb Code     2  stm32f4xx_hal_tim.o(.text.HAL_TIM_PWM_PulseFinishedCallback)
    HAL_TIM_PWM_Start                        0x08002909   Thumb Code   290  stm32f4xx_hal_tim.o(.text.HAL_TIM_PWM_Start)
    HAL_TIM_PeriodElapsedCallback            0x08002a2d   Thumb Code   110  servo.o(.text.HAL_TIM_PeriodElapsedCallback)
    HAL_TIM_TriggerCallback                  0x08002a9d   Thumb Code     2  stm32f4xx_hal_tim.o(.text.HAL_TIM_TriggerCallback)
    HAL_UART_Init                            0x08002aa1   Thumb Code    94  stm32f4xx_hal_uart.o(.text.HAL_UART_Init)
    HAL_UART_MspInit                         0x08002b01   Thumb Code     2  stm32f4xx_hal_uart.o(.text.HAL_UART_MspInit)
    HAL_UART_Transmit                        0x08002b05   Thumb Code   204  stm32f4xx_hal_uart.o(.text.HAL_UART_Transmit)
    Sensor_ConvertToPercentage               0x08002c69   Thumb Code    44  sensor.o(.text.Sensor_ConvertToPercentage)
    SysTick_Handler                          0x08002cc5   Thumb Code   124  stm32f4xx_it.o(.text.SysTick_Handler)
    SystemClock_Config                       0x08002d41   Thumb Code   142  main.o(.text.SystemClock_Config)
    SystemInit                               0x08002dd1   Thumb Code    18  system_stm32f4xx_1.o(.text.SystemInit)
    TIM3_IRQHandler                          0x08002de5   Thumb Code    16  stm32f4xx_it.o(.text.TIM3_IRQHandler)
    TIM_Base_SetConfig                       0x08002df5   Thumb Code   292  stm32f4xx_hal_tim.o(.text.TIM_Base_SetConfig)
    TIM_CCxChannelCmd                        0x08002f19   Thumb Code    36  stm32f4xx_hal_tim.o(.text.TIM_CCxChannelCmd)
    TIM_OC2_SetConfig                        0x08002fa1   Thumb Code   106  stm32f4xx_hal_tim.o(.text.TIM_OC2_SetConfig)
    USART2_IRQHandler                        0x0800321d   Thumb Code   120  mqtt.o(.text.USART2_IRQHandler)
    cfg_load_uint32                          0x08003309   Thumb Code    18  config.o(.text.cfg_load_uint32)
    cfg_store_uint32                         0x0800331d   Thumb Code    42  config.o(.text.cfg_store_uint32)
    delay_ms                                 0x08003349   Thumb Code    28  delay.o(.text.delay_ms)
    delay_us                                 0x08003365   Thumb Code    24  delay.o(.text.delay_us)
    esp_send                                 0x080033a5   Thumb Code    48  mqtt.o(.text.esp_send)
    esp_wifi_lowpower                        0x080033d9   Thumb Code    64  mqtt.o(.text.esp_wifi_lowpower)
    main                                     0x0800346d   Thumb Code  1024  main.o(.text.main)
    mqtt_init                                0x080038e5   Thumb Code   276  mqtt.o(.text.mqtt_init)
    mqtt_process_line                        0x08003a8d   Thumb Code   276  mqtt.o(.text.mqtt_process_line)
    mqtt_process_uart                        0x08003c0d   Thumb Code     2  mqtt.o(.text.mqtt_process_uart)
    mqtt_publish                             0x08003c11   Thumb Code   172  mqtt.o(.text.mqtt_publish)
    mqtt_publish_raw                         0x08003ced   Thumb Code   176  mqtt.o(.text.mqtt_publish_raw)
    relay_init                               0x08003dbd   Thumb Code    94  relay.o(.text.relay_init)
    relay_set                                0x08003e1d   Thumb Code   100  relay.o(.text.relay_set)
    sensor_init                              0x08003e81   Thumb Code   230  sensor.o(.text.sensor_init)
    servo_init                               0x08003f69   Thumb Code   198  servo.o(.text.servo_init)
    servo_start_sweep                        0x08004031   Thumb Code    60  servo.o(.text.servo_start_sweep)
    servo_stop                               0x0800406d   Thumb Code    32  servo.o(.text.servo_stop)
    timer_init                               0x080040d9   Thumb Code     2  timer.o(.text.timer_init)
    wifi_init                                0x080040dd   Thumb Code   156  mqtt.o(.text.wifi_init)
    _btod_d2e                                0x08004179   Thumb Code    62  btod.o(CL$$btod_d2e)
    _d2e_denorm_low                          0x080041b7   Thumb Code    70  btod.o(CL$$btod_d2e_denorm_low)
    _d2e_norm_op1                            0x080041fd   Thumb Code    96  btod.o(CL$$btod_d2e_norm_op1)
    __btod_div_common                        0x0800425d   Thumb Code   696  btod.o(CL$$btod_div_common)
    _e2e                                     0x08004595   Thumb Code   220  btod.o(CL$$btod_e2e)
    _btod_ediv                               0x08004671   Thumb Code    42  btod.o(CL$$btod_ediv)
    _btod_emul                               0x0800469b   Thumb Code    42  btod.o(CL$$btod_emul)
    __btod_mult_common                       0x080046c5   Thumb Code   580  btod.o(CL$$btod_mult_common)
    __ARM_fpclassify                         0x08004909   Thumb Code    48  fpclassify.o(i.__ARM_fpclassify)
    _is_digit                                0x08004939   Thumb Code    14  __printf_wp.o(i._is_digit)
    _get_lc_ctype                            0x08004949   Thumb Code    44  lc_ctype_c.o(locale$$code)
    _get_lc_numeric                          0x08004975   Thumb Code    44  lc_numeric_c.o(locale$$code)
    __fpl_dretinf                            0x080049a1   Thumb Code    12  dretinf.o(x$fpl$dretinf)
    __aeabi_f2d                              0x080049ad   Thumb Code     0  f2d.o(x$fpl$f2d)
    _f2d                                     0x080049ad   Thumb Code    86  f2d.o(x$fpl$f2d)
    __fpl_fnaninf                            0x08004a03   Thumb Code   140  fnaninf.o(x$fpl$fnaninf)
    _fp_init                                 0x08004a8f   Thumb Code    26  fpinit.o(x$fpl$fpinit)
    __fplib_config_fpu_vfp                   0x08004aa7   Thumb Code     0  fpinit.o(x$fpl$fpinit)
    __fplib_config_pureend_doubles           0x08004aa7   Thumb Code     0  fpinit.o(x$fpl$fpinit)
    _printf_fp_dec                           0x08004aa9   Thumb Code     4  printf1.o(x$fpl$printf1)
    __I$use$fp                               0x08004aac   Number         0  usenofp.o(x$fpl$usenofp)
    AHBPrescTable                            0x08004b54   Data          16  system_stm32f4xx_1.o(.rodata.AHBPrescTable)
    APBPrescTable                            0x08004b64   Data           8  system_stm32f4xx_1.o(.rodata.APBPrescTable)
    Region$$Table$$Base                      0x08004c64   Number         0  anon$$obj.o(Region$$Table)
    Region$$Table$$Limit                     0x08004c84   Number         0  anon$$obj.o(Region$$Table)
    __ctype                                  0x08004c91   Data           0  lc_ctype_c.o(locale$$data)
    SystemCoreClock                          0x20000000   Data           4  system_stm32f4xx_1.o(.data.SystemCoreClock)
    moisture_threshold                       0x20000004   Data           4  main.o(.data.moisture_threshold)
    uwTickFreq                               0x2000000c   Data           1  stm32f4xx_hal.o(.data.uwTickFreq)
    uwTickPrio                               0x20000010   Data           4  stm32f4xx_hal.o(.data.uwTickPrio)
    __libspace_start                         0x20000018   Data          96  libspace.o(.bss)
    __temporary_stack_top$libspace           0x20000078   Data           0  libspace.o(.bss)
    config_flag                              0x20000080   Data           1  main.o(.bss.config_flag)
    dht_hum                                  0x20000081   Data           1  main.o(.bss.dht_hum)
    dht_temp                                 0x20000082   Data           1  main.o(.bss.dht_temp)
    esp_busy                                 0x20000084   Data           1  mqtt.o(.bss.esp_busy)
    esp_prompt_ready                         0x20000085   Data           1  mqtt.o(.bss.esp_prompt_ready)
    h_flag                                   0x20000086   Data           1  main.o(.bss.h_flag)
    hadc1                                    0x20000088   Data          72  sensor.o(.bss.hadc1)
    htim1                                    0x200000d0   Data          72  main.o(.bss.htim1)
    htim3                                    0x20000118   Data          72  servo.o(.bss.htim3)
    huart2                                   0x20000160   Data          68  mqtt.o(.bss.huart2)
    light_percent                            0x200001a8   Data           4  main.o(.bss.light_percent)
    light_raw                                0x200001ac   Data           4  main.o(.bss.light_raw)
    m_flag                                   0x200001b0   Data           1  main.o(.bss.m_flag)
    manual_flag                              0x200001b2   Data           1  main.o(.bss.manual_flag)
    manual_stop_flag                         0x200001b3   Data           1  main.o(.bss.manual_stop_flag)
    moisture_percent                         0x200001b4   Data           4  main.o(.bss.moisture_percent)
    moisture_raw                             0x200001b8   Data           4  main.o(.bss.moisture_raw)
    pFlash                                   0x200001bc   Data          32  stm32f4xx_hal_flash.o(.bss.pFlash)
    pump_timer_ms                            0x200001dc   Data           4  main.o(.bss.pump_timer_ms)
    s500_flag                                0x200002e1   Data           1  main.o(.bss.s500_flag)
    uwTick                                   0x200002f8   Data           4  stm32f4xx_hal.o(.bss.uwTick)
    watering                                 0x200002fc   Data           1  main.o(.bss.watering)



==============================================================================

Memory Map of the image

  Image Entry point : 0x08000261

  Load Region LR_1 (Base: 0x08000000, Size: 0x00004dc4, Max: 0xffffffff, ABSOLUTE)

    Execution Region ER_RO (Exec base: 0x08000000, Load base: 0x08000000, Size: 0x00004db0, Max: 0xffffffff, ABSOLUTE)

    Exec Addr    Load Addr    Size         Type   Attr      Idx    E Section Name        Object

    0x08000000   0x08000000   0x00000188   Data   RO         1205    RESET               startup_stm32f407xx.o
    0x08000188   0x08000188   0x00000008   Code   RO         1282  * !!!main             c_w.l(__main.o)
    0x08000190   0x08000190   0x00000034   Code   RO         1542    !!!scatter          c_w.l(__scatter.o)
    0x080001c4   0x080001c4   0x0000001a   Code   RO         1544    !!handler_copy      c_w.l(__scatter_copy.o)
    0x080001de   0x080001de   0x00000002   PAD
    0x080001e0   0x080001e0   0x0000001c   Code   RO         1546    !!handler_zi        c_w.l(__scatter_zi.o)
    0x080001fc   0x080001fc   0x00000000   Code   RO         1265    .ARM.Collect$$_printf_percent$$00000000  c_w.l(_printf_percent.o)
    0x080001fc   0x080001fc   0x00000006   Code   RO         1264    .ARM.Collect$$_printf_percent$$00000003  c_w.l(_printf_f.o)
    0x08000202   0x08000202   0x00000006   Code   RO         1262    .ARM.Collect$$_printf_percent$$00000009  c_w.l(_printf_d.o)
    0x08000208   0x08000208   0x00000006   Code   RO         1263    .ARM.Collect$$_printf_percent$$0000000A  c_w.l(_printf_u.o)
    0x0800020e   0x0800020e   0x00000006   Code   RO         1261    .ARM.Collect$$_printf_percent$$00000014  c_w.l(_printf_s.o)
    0x08000214   0x08000214   0x00000004   Code   RO         1314    .ARM.Collect$$_printf_percent$$00000017  c_w.l(_printf_percent_end.o)
    0x08000218   0x08000218   0x00000002   Code   RO         1407    .ARM.Collect$$libinit$$00000000  c_w.l(libinit.o)
    0x0800021a   0x0800021a   0x00000004   Code   RO         1408    .ARM.Collect$$libinit$$00000001  c_w.l(libinit2.o)
    0x0800021e   0x0800021e   0x00000000   Code   RO         1411    .ARM.Collect$$libinit$$00000004  c_w.l(libinit2.o)
    0x0800021e   0x0800021e   0x00000000   Code   RO         1414    .ARM.Collect$$libinit$$0000000A  c_w.l(libinit2.o)
    0x0800021e   0x0800021e   0x00000000   Code   RO         1416    .ARM.Collect$$libinit$$0000000C  c_w.l(libinit2.o)
    0x0800021e   0x0800021e   0x00000000   Code   RO         1418    .ARM.Collect$$libinit$$0000000E  c_w.l(libinit2.o)
    0x0800021e   0x0800021e   0x00000006   Code   RO         1419    .ARM.Collect$$libinit$$0000000F  c_w.l(libinit2.o)
    0x08000224   0x08000224   0x00000000   Code   RO         1421    .ARM.Collect$$libinit$$00000011  c_w.l(libinit2.o)
    0x08000224   0x08000224   0x0000000c   Code   RO         1422    .ARM.Collect$$libinit$$00000012  c_w.l(libinit2.o)
    0x08000230   0x08000230   0x00000000   Code   RO         1423    .ARM.Collect$$libinit$$00000013  c_w.l(libinit2.o)
    0x08000230   0x08000230   0x00000000   Code   RO         1425    .ARM.Collect$$libinit$$00000015  c_w.l(libinit2.o)
    0x08000230   0x08000230   0x0000000a   Code   RO         1426    .ARM.Collect$$libinit$$00000016  c_w.l(libinit2.o)
    0x0800023a   0x0800023a   0x00000000   Code   RO         1427    .ARM.Collect$$libinit$$00000017  c_w.l(libinit2.o)
    0x0800023a   0x0800023a   0x00000000   Code   RO         1429    .ARM.Collect$$libinit$$00000019  c_w.l(libinit2.o)
    0x0800023a   0x0800023a   0x00000000   Code   RO         1431    .ARM.Collect$$libinit$$0000001B  c_w.l(libinit2.o)
    0x0800023a   0x0800023a   0x00000000   Code   RO         1433    .ARM.Collect$$libinit$$0000001D  c_w.l(libinit2.o)
    0x0800023a   0x0800023a   0x00000000   Code   RO         1435    .ARM.Collect$$libinit$$0000001F  c_w.l(libinit2.o)
    0x0800023a   0x0800023a   0x00000000   Code   RO         1437    .ARM.Collect$$libinit$$00000021  c_w.l(libinit2.o)
    0x0800023a   0x0800023a   0x00000000   Code   RO         1439    .ARM.Collect$$libinit$$00000023  c_w.l(libinit2.o)
    0x0800023a   0x0800023a   0x00000000   Code   RO         1441    .ARM.Collect$$libinit$$00000025  c_w.l(libinit2.o)
    0x0800023a   0x0800023a   0x00000000   Code   RO         1445    .ARM.Collect$$libinit$$0000002C  c_w.l(libinit2.o)
    0x0800023a   0x0800023a   0x00000000   Code   RO         1447    .ARM.Collect$$libinit$$0000002E  c_w.l(libinit2.o)
    0x0800023a   0x0800023a   0x00000000   Code   RO         1449    .ARM.Collect$$libinit$$00000030  c_w.l(libinit2.o)
    0x0800023a   0x0800023a   0x00000000   Code   RO         1451    .ARM.Collect$$libinit$$00000032  c_w.l(libinit2.o)
    0x0800023a   0x0800023a   0x00000002   Code   RO         1452    .ARM.Collect$$libinit$$00000033  c_w.l(libinit2.o)
    0x0800023c   0x0800023c   0x00000002   Code   RO         1507    .ARM.Collect$$libshutdown$$00000000  c_w.l(libshutdown.o)
    0x0800023e   0x0800023e   0x00000000   Code   RO         1525    .ARM.Collect$$libshutdown$$00000002  c_w.l(libshutdown2.o)
    0x0800023e   0x0800023e   0x00000000   Code   RO         1527    .ARM.Collect$$libshutdown$$00000004  c_w.l(libshutdown2.o)
    0x0800023e   0x0800023e   0x00000000   Code   RO         1530    .ARM.Collect$$libshutdown$$00000007  c_w.l(libshutdown2.o)
    0x0800023e   0x0800023e   0x00000000   Code   RO         1533    .ARM.Collect$$libshutdown$$0000000A  c_w.l(libshutdown2.o)
    0x0800023e   0x0800023e   0x00000000   Code   RO         1535    .ARM.Collect$$libshutdown$$0000000C  c_w.l(libshutdown2.o)
    0x0800023e   0x0800023e   0x00000000   Code   RO         1538    .ARM.Collect$$libshutdown$$0000000F  c_w.l(libshutdown2.o)
    0x0800023e   0x0800023e   0x00000002   Code   RO         1539    .ARM.Collect$$libshutdown$$00000010  c_w.l(libshutdown2.o)
    0x08000240   0x08000240   0x00000000   Code   RO         1288    .ARM.Collect$$rtentry$$00000000  c_w.l(__rtentry.o)
    0x08000240   0x08000240   0x00000000   Code   RO         1326    .ARM.Collect$$rtentry$$00000002  c_w.l(__rtentry2.o)
    0x08000240   0x08000240   0x00000006   Code   RO         1338    .ARM.Collect$$rtentry$$00000004  c_w.l(__rtentry4.o)
    0x08000246   0x08000246   0x00000000   Code   RO         1328    .ARM.Collect$$rtentry$$00000009  c_w.l(__rtentry2.o)
    0x08000246   0x08000246   0x00000004   Code   RO         1329    .ARM.Collect$$rtentry$$0000000A  c_w.l(__rtentry2.o)
    0x0800024a   0x0800024a   0x00000000   Code   RO         1331    .ARM.Collect$$rtentry$$0000000C  c_w.l(__rtentry2.o)
    0x0800024a   0x0800024a   0x00000008   Code   RO         1332    .ARM.Collect$$rtentry$$0000000D  c_w.l(__rtentry2.o)
    0x08000252   0x08000252   0x00000002   Code   RO         1453    .ARM.Collect$$rtexit$$00000000  c_w.l(rtexit.o)
    0x08000254   0x08000254   0x00000000   Code   RO         1472    .ARM.Collect$$rtexit$$00000002  c_w.l(rtexit2.o)
    0x08000254   0x08000254   0x00000004   Code   RO         1473    .ARM.Collect$$rtexit$$00000003  c_w.l(rtexit2.o)
    0x08000258   0x08000258   0x00000006   Code   RO         1474    .ARM.Collect$$rtexit$$00000004  c_w.l(rtexit2.o)
    0x0800025e   0x0800025e   0x00000002   PAD
    0x08000260   0x08000260   0x00000040   Code   RO         1206  * .text               startup_stm32f407xx.o
    0x080002a0   0x080002a0   0x000000f0   Code   RO         1229    .text               c_w.l(lludivv7m.o)
    0x08000390   0x08000390   0x00000038   Code   RO         1231    .text               c_w.l(__2snprintf.o)
    0x080003c8   0x080003c8   0x00000052   Code   RO         1237    .text               c_w.l(_printf_str.o)
    0x0800041a   0x0800041a   0x00000002   PAD
    0x0800041c   0x0800041c   0x00000078   Code   RO         1239    .text               c_w.l(_printf_dec.o)
    0x08000494   0x08000494   0x00000160   Code   RO         1256    .text               c_w.l(__printf_ss_wp.o)
    0x080005f4   0x080005f4   0x00000072   Code   RO         1266    .text               c_w.l(strtoul.o)
    0x08000666   0x08000666   0x00000014   Code   RO         1268    .text               c_w.l(strchr.o)
    0x0800067a   0x0800067a   0x00000024   Code   RO         1270    .text               c_w.l(strstr.o)
    0x0800069e   0x0800069e   0x00000016   Code   RO         1272    .text               c_w.l(strrchr.o)
    0x080006b4   0x080006b4   0x0000003e   Code   RO         1274    .text               c_w.l(strlen.o)
    0x080006f2   0x080006f2   0x0000004e   Code   RO         1276    .text               c_w.l(rt_memclr_w.o)
    0x08000740   0x08000740   0x0000007c   Code   RO         1278    .text               c_w.l(strcmpv7em.o)
    0x080007bc   0x080007bc   0x00000006   Code   RO         1280    .text               c_w.l(heapauxi.o)
    0x080007c2   0x080007c2   0x00000002   PAD
    0x080007c4   0x080007c4   0x00000010   Code   RO         1289    .text               c_w.l(rt_ctype_table.o)
    0x080007d4   0x080007d4   0x00000008   Code   RO         1298    .text               c_w.l(rt_errno_addr_intlibspace.o)
    0x080007dc   0x080007dc   0x000000b2   Code   RO         1300    .text               c_w.l(_printf_intcommon.o)
    0x0800088e   0x0800088e   0x0000041c   Code   RO         1302    .text               c_w.l(_printf_fp_dec.o)
    0x08000caa   0x08000caa   0x00000002   PAD
    0x08000cac   0x08000cac   0x00000030   Code   RO         1306    .text               c_w.l(_printf_char_common.o)
    0x08000cdc   0x08000cdc   0x0000000a   Code   RO         1308    .text               c_w.l(_sputc.o)
    0x08000ce6   0x08000ce6   0x00000010   Code   RO         1310    .text               c_w.l(_snputc.o)
    0x08000cf6   0x08000cf6   0x0000002c   Code   RO         1312    .text               c_w.l(_printf_char.o)
    0x08000d22   0x08000d22   0x0000009e   Code   RO         1315    .text               c_w.l(_strtoul.o)
    0x08000dc0   0x08000dc0   0x00000008   Code   RO         1322    .text               c_w.l(libspace.o)
    0x08000dc8   0x08000dc8   0x00000008   Code   RO         1345    .text               c_w.l(rt_locale_intlibspace.o)
    0x08000dd0   0x08000dd0   0x0000008a   Code   RO         1347    .text               c_w.l(lludiv10.o)
    0x08000e5a   0x08000e5a   0x00000002   PAD
    0x08000e5c   0x08000e5c   0x00000080   Code   RO         1349    .text               c_w.l(_printf_fp_infnan.o)
    0x08000edc   0x08000edc   0x0000001c   Code   RO         1353    .text               c_w.l(_chval.o)
    0x08000ef8   0x08000ef8   0x000000e4   Code   RO         1355    .text               c_w.l(bigflt0.o)
    0x08000fdc   0x08000fdc   0x0000004a   Code   RO         1392    .text               c_w.l(sys_stackheap_outer.o)
    0x08001026   0x08001026   0x00000012   Code   RO         1396    .text               c_w.l(exit.o)
    0x08001038   0x08001038   0x0000000c   Code   RO         1467    .text               c_w.l(sys_exit.o)
    0x08001044   0x08001044   0x00000002   Code   RO         1494    .text               c_w.l(use_no_semi.o)
    0x08001046   0x08001046   0x00000000   Code   RO         1496    .text               c_w.l(indicate_semi.o)
    0x08001046   0x08001046   0x00000002   PAD
    0x08001048   0x08001048   0x00000010   Code   RO          160    .text.ADC_IRQHandler  sensor.o
    0x08001058   0x08001058   0x00000108   Code   RO          281    .text.ADC_Init      stm32f4xx_hal_adc.o
    0x08001160   0x08001160   0x00000044   Code   RO          158    .text.CalibratedMoisture  sensor.o
    0x080011a4   0x080011a4   0x00000062   Code   RO           92    .text.DHT11_CheckResponse  dht11.o
    0x08001206   0x08001206   0x00000002   PAD
    0x08001208   0x08001208   0x00000038   Code   RO           84    .text.DHT11_Init    dht11.o
    0x08001240   0x08001240   0x00000080   Code   RO           88    .text.DHT11_Read    dht11.o
    0x080012c0   0x080012c0   0x00000090   Code   RO           94    .text.DHT11_ReadByte  dht11.o
    0x08001350   0x08001350   0x00000006   Code   RO           10    .text.Error_Handler  main.o
    0x08001356   0x08001356   0x00000002   PAD
    0x08001358   0x08001358   0x00000046   Code   RO          558    .text.FLASH_Erase_Sector  stm32f4xx_hal_flash_ex.o
    0x0800139e   0x0800139e   0x00000002   PAD
    0x080013a0   0x080013a0   0x00000058   Code   RO          560    .text.FLASH_FlushCaches  stm32f4xx_hal_flash_ex.o
    0x080013f8   0x080013f8   0x00000026   Code   RO          556    .text.FLASH_MassErase  stm32f4xx_hal_flash_ex.o
    0x0800141e   0x0800141e   0x00000002   PAD
    0x08001420   0x08001420   0x00000020   Code   RO          515    .text.FLASH_Program_Byte  stm32f4xx_hal_flash.o
    0x08001440   0x08001440   0x00000038   Code   RO          521    .text.FLASH_Program_DoubleWord  stm32f4xx_hal_flash.o
    0x08001478   0x08001478   0x00000024   Code   RO          517    .text.FLASH_Program_HalfWord  stm32f4xx_hal_flash.o
    0x0800149c   0x0800149c   0x00000024   Code   RO          519    .text.FLASH_Program_Word  stm32f4xx_hal_flash.o
    0x080014c0   0x080014c0   0x0000006e   Code   RO          527    .text.FLASH_SetErrorCode  stm32f4xx_hal_flash.o
    0x0800152e   0x0800152e   0x00000002   PAD
    0x08001530   0x08001530   0x0000006a   Code   RO          513    .text.FLASH_WaitForLastOperation  stm32f4xx_hal_flash.o
    0x0800159a   0x0800159a   0x00000002   PAD
    0x0800159c   0x0800159c   0x00000002   Code   RO          361    .text.HAL_ADCEx_InjectedConvCpltCallback  stm32f4xx_hal_adc_ex.o
    0x0800159e   0x0800159e   0x00000002   PAD
    0x080015a0   0x080015a0   0x00000106   Code   RO          321    .text.HAL_ADC_ConfigChannel  stm32f4xx_hal_adc.o
    0x080016a6   0x080016a6   0x00000002   PAD
    0x080016a8   0x080016a8   0x0000004e   Code   RO          154    .text.HAL_ADC_ConvCpltCallback  sensor.o
    0x080016f6   0x080016f6   0x00000002   PAD
    0x080016f8   0x080016f8   0x00000038   Code   RO          283    .text.HAL_ADC_DeInit  stm32f4xx_hal_adc.o
    0x08001730   0x08001730   0x00000002   Code   RO          305    .text.HAL_ADC_ErrorCallback  stm32f4xx_hal_adc.o
    0x08001732   0x08001732   0x00000002   PAD
    0x08001734   0x08001734   0x00000006   Code   RO          317    .text.HAL_ADC_GetValue  stm32f4xx_hal_adc.o
    0x0800173a   0x0800173a   0x00000002   PAD
    0x0800173c   0x0800173c   0x00000134   Code   RO          299    .text.HAL_ADC_IRQHandler  stm32f4xx_hal_adc.o
    0x08001870   0x08001870   0x0000004e   Code   RO          277    .text.HAL_ADC_Init  stm32f4xx_hal_adc.o
    0x080018be   0x080018be   0x00000002   PAD
    0x080018c0   0x080018c0   0x00000002   Code   RO          303    .text.HAL_ADC_LevelOutOfWindowCallback  stm32f4xx_hal_adc.o
    0x080018c2   0x080018c2   0x00000002   PAD
    0x080018c4   0x080018c4   0x00000002   Code   RO          285    .text.HAL_ADC_MspDeInit  stm32f4xx_hal_adc.o
    0x080018c6   0x080018c6   0x00000002   PAD
    0x080018c8   0x080018c8   0x00000078   Code   RO           52    .text.HAL_ADC_MspInit  stm32f4xx_hal_msp.o
    0x08001940   0x08001940   0x000000be   Code   RO          291    .text.HAL_ADC_PollForConversion  stm32f4xx_hal_adc.o
    0x080019fe   0x080019fe   0x00000002   PAD
    0x08001a00   0x08001a00   0x00000124   Code   RO          287    .text.HAL_ADC_Start  stm32f4xx_hal_adc.o
    0x08001b24   0x08001b24   0x00000038   Code   RO          289    .text.HAL_ADC_Stop  stm32f4xx_hal_adc.o
    0x08001b5c   0x08001b5c   0x00000046   Code   RO          297    .text.HAL_ADC_Stop_IT  stm32f4xx_hal_adc.o
    0x08001ba2   0x08001ba2   0x00000002   PAD
    0x08001ba4   0x08001ba4   0x00000028   Code   RO          232    .text.HAL_Delay     stm32f4xx_hal.o
    0x08001bcc   0x08001bcc   0x000000b2   Code   RO          554    .text.HAL_FLASHEx_Erase  stm32f4xx_hal_flash_ex.o
    0x08001c7e   0x08001c7e   0x00000002   PAD
    0x08001c80   0x08001c80   0x00000014   Code   RO          535    .text.HAL_FLASH_Lock  stm32f4xx_hal_flash.o
    0x08001c94   0x08001c94   0x00000086   Code   RO          511    .text.HAL_FLASH_Program  stm32f4xx_hal_flash.o
    0x08001d1a   0x08001d1a   0x00000002   PAD
    0x08001d1c   0x08001d1c   0x0000002e   Code   RO          533    .text.HAL_FLASH_Unlock  stm32f4xx_hal_flash.o
    0x08001d4a   0x08001d4a   0x00000002   PAD
    0x08001d4c   0x08001d4c   0x0000019a   Code   RO          594    .text.HAL_GPIO_Init  stm32f4xx_hal_gpio.o
    0x08001ee6   0x08001ee6   0x00000002   PAD
    0x08001ee8   0x08001ee8   0x0000000a   Code   RO          598    .text.HAL_GPIO_ReadPin  stm32f4xx_hal_gpio.o
    0x08001ef2   0x08001ef2   0x00000002   PAD
    0x08001ef4   0x08001ef4   0x00000010   Code   RO          602    .text.HAL_GPIO_TogglePin  stm32f4xx_hal_gpio.o
    0x08001f04   0x08001f04   0x0000000a   Code   RO          600    .text.HAL_GPIO_WritePin  stm32f4xx_hal_gpio.o
    0x08001f0e   0x08001f0e   0x00000002   PAD
    0x08001f10   0x08001f10   0x0000000c   Code   RO          224    .text.HAL_GetTick   stm32f4xx_hal.o
    0x08001f1c   0x08001f1c   0x0000001a   Code   RO          222    .text.HAL_IncTick   stm32f4xx_hal.o
    0x08001f36   0x08001f36   0x00000002   PAD
    0x08001f38   0x08001f38   0x00000036   Code   RO          212    .text.HAL_Init      stm32f4xx_hal.o
    0x08001f6e   0x08001f6e   0x00000002   PAD
    0x08001f70   0x08001f70   0x00000050   Code   RO          214    .text.HAL_InitTick  stm32f4xx_hal.o
    0x08001fc0   0x08001fc0   0x00000002   Code   RO          216    .text.HAL_MspInit   stm32f4xx_hal.o
    0x08001fc2   0x08001fc2   0x00000002   PAD
    0x08001fc4   0x08001fc4   0x00000008   Code   RO          387    .text.HAL_NVIC_EnableIRQ  stm32f4xx_hal_cortex.o
    0x08001fcc   0x08001fcc   0x0000001e   Code   RO          379    .text.HAL_NVIC_SetPriority  stm32f4xx_hal_cortex.o
    0x08001fea   0x08001fea   0x00000002   PAD
    0x08001fec   0x08001fec   0x00000008   Code   RO          375    .text.HAL_NVIC_SetPriorityGrouping  stm32f4xx_hal_cortex.o
    0x08001ff4   0x08001ff4   0x0000001e   Code   RO          620    .text.HAL_PWR_EnableBkUpAccess  stm32f4xx_hal_pwr.o
    0x08002012   0x08002012   0x00000002   PAD
    0x08002014   0x08002014   0x00000160   Code   RO          684    .text.HAL_RCC_ClockConfig  stm32f4xx_hal_rcc.o
    0x08002174   0x08002174   0x0000000c   Code   RO          694    .text.HAL_RCC_GetHCLKFreq  stm32f4xx_hal_rcc.o
    0x08002180   0x08002180   0x00000022   Code   RO          696    .text.HAL_RCC_GetPCLK1Freq  stm32f4xx_hal_rcc.o
    0x080021a2   0x080021a2   0x00000002   PAD
    0x080021a4   0x080021a4   0x00000022   Code   RO          698    .text.HAL_RCC_GetPCLK2Freq  stm32f4xx_hal_rcc.o
    0x080021c6   0x080021c6   0x00000002   PAD
    0x080021c8   0x080021c8   0x0000006a   Code   RO          686    .text.HAL_RCC_GetSysClockFreq  stm32f4xx_hal_rcc.o
    0x08002232   0x08002232   0x00000002   PAD
    0x08002234   0x08002234   0x00000348   Code   RO          682    .text.HAL_RCC_OscConfig  stm32f4xx_hal_rcc.o
    0x0800257c   0x0800257c   0x00000002   Code   RO          437    .text.HAL_SYSTICK_Callback  stm32f4xx_hal_cortex.o
    0x0800257e   0x0800257e   0x00000002   PAD
    0x08002580   0x08002580   0x00000008   Code   RO          399    .text.HAL_SYSTICK_Config  stm32f4xx_hal_cortex.o
    0x08002588   0x08002588   0x00000008   Code   RO          435    .text.HAL_SYSTICK_IRQHandler  stm32f4xx_hal_cortex.o
    0x08002590   0x08002590   0x00000002   Code   RO         1060    .text.HAL_TIMEx_BreakCallback  stm32f4xx_hal_tim_ex.o
    0x08002592   0x08002592   0x00000002   PAD
    0x08002594   0x08002594   0x00000002   Code   RO         1056    .text.HAL_TIMEx_CommutCallback  stm32f4xx_hal_tim_ex.o
    0x08002596   0x08002596   0x00000002   PAD
    0x08002598   0x08002598   0x0000005a   Code   RO          736    .text.HAL_TIM_Base_Init  stm32f4xx_hal_tim.o
    0x080025f2   0x080025f2   0x00000002   PAD
    0x080025f4   0x080025f4   0x00000002   Code   RO          738    .text.HAL_TIM_Base_MspInit  stm32f4xx_hal_tim.o
    0x080025f6   0x080025f6   0x00000002   PAD
    0x080025f8   0x080025f8   0x000000a0   Code   RO          746    .text.HAL_TIM_Base_Start  stm32f4xx_hal_tim.o
    0x08002698   0x08002698   0x00000002   Code   RO          872    .text.HAL_TIM_IC_CaptureCallback  stm32f4xx_hal_tim.o
    0x0800269a   0x0800269a   0x00000002   PAD
    0x0800269c   0x0800269c   0x0000016a   Code   RO          870    .text.HAL_TIM_IRQHandler  stm32f4xx_hal_tim.o
    0x08002806   0x08002806   0x00000002   PAD
    0x08002808   0x08002808   0x00000002   Code   RO          874    .text.HAL_TIM_OC_DelayElapsedCallback  stm32f4xx_hal_tim.o
    0x0800280a   0x0800280a   0x00000002   PAD
    0x0800280c   0x0800280c   0x00000098   Code   RO          902    .text.HAL_TIM_PWM_ConfigChannel  stm32f4xx_hal_tim.o
    0x080028a4   0x080028a4   0x0000005a   Code   RO          790    .text.HAL_TIM_PWM_Init  stm32f4xx_hal_tim.o
    0x080028fe   0x080028fe   0x00000002   PAD
    0x08002900   0x08002900   0x00000002   Code   RO          792    .text.HAL_TIM_PWM_MspInit  stm32f4xx_hal_tim.o
    0x08002902   0x08002902   0x00000002   PAD
    0x08002904   0x08002904   0x00000002   Code   RO          876    .text.HAL_TIM_PWM_PulseFinishedCallback  stm32f4xx_hal_tim.o
    0x08002906   0x08002906   0x00000002   PAD
    0x08002908   0x08002908   0x00000122   Code   RO          798    .text.HAL_TIM_PWM_Start  stm32f4xx_hal_tim.o
    0x08002a2a   0x08002a2a   0x00000002   PAD
    0x08002a2c   0x08002a2c   0x0000006e   Code   RO          178    .text.HAL_TIM_PeriodElapsedCallback  servo.o
    0x08002a9a   0x08002a9a   0x00000002   PAD
    0x08002a9c   0x08002a9c   0x00000002   Code   RO          880    .text.HAL_TIM_TriggerCallback  stm32f4xx_hal_tim.o
    0x08002a9e   0x08002a9e   0x00000002   PAD
    0x08002aa0   0x08002aa0   0x0000005e   Code   RO         1074    .text.HAL_UART_Init  stm32f4xx_hal_uart.o
    0x08002afe   0x08002afe   0x00000002   PAD
    0x08002b00   0x08002b00   0x00000002   Code   RO         1076    .text.HAL_UART_MspInit  stm32f4xx_hal_uart.o
    0x08002b02   0x08002b02   0x00000002   PAD
    0x08002b04   0x08002b04   0x000000cc   Code   RO         1090    .text.HAL_UART_Transmit  stm32f4xx_hal_uart.o
    0x08002bd0   0x08002bd0   0x0000006c   Code   RO            6    .text.MX_TIM1_Init  main.o
    0x08002c3c   0x08002c3c   0x0000002c   Code   RO          385    .text.NVIC_EncodePriority  stm32f4xx_hal_cortex.o
    0x08002c68   0x08002c68   0x0000002c   Code   RO          156    .text.Sensor_ConvertToPercentage  sensor.o
    0x08002c94   0x08002c94   0x0000002e   Code   RO          401    .text.SysTick_Config  stm32f4xx_hal_cortex.o
    0x08002cc2   0x08002cc2   0x00000002   PAD
    0x08002cc4   0x08002cc4   0x0000007c   Code   RO           41    .text.SysTick_Handler  stm32f4xx_it.o
    0x08002d40   0x08002d40   0x0000008e   Code   RO            4    .text.SystemClock_Config  main.o
    0x08002dce   0x08002dce   0x00000002   PAD
    0x08002dd0   0x08002dd0   0x00000012   Code   RO         1213    .text.SystemInit    system_stm32f4xx_1.o
    0x08002de2   0x08002de2   0x00000002   PAD
    0x08002de4   0x08002de4   0x00000010   Code   RO           39    .text.TIM3_IRQHandler  stm32f4xx_it.o
    0x08002df4   0x08002df4   0x00000124   Code   RO          740    .text.TIM_Base_SetConfig  stm32f4xx_hal_tim.o
    0x08002f18   0x08002f18   0x00000024   Code   RO          774    .text.TIM_CCxChannelCmd  stm32f4xx_hal_tim.o
    0x08002f3c   0x08002f3c   0x00000064   Code   RO          884    .text.TIM_OC1_SetConfig  stm32f4xx_hal_tim.o
    0x08002fa0   0x08002fa0   0x0000006a   Code   RO          886    .text.TIM_OC2_SetConfig  stm32f4xx_hal_tim.o
    0x0800300a   0x0800300a   0x00000002   PAD
    0x0800300c   0x0800300c   0x00000068   Code   RO          888    .text.TIM_OC3_SetConfig  stm32f4xx_hal_tim.o
    0x08003074   0x08003074   0x0000004e   Code   RO          890    .text.TIM_OC4_SetConfig  stm32f4xx_hal_tim.o
    0x080030c2   0x080030c2   0x00000002   PAD
    0x080030c4   0x080030c4   0x000000dc   Code   RO         1078    .text.UART_SetConfig  stm32f4xx_hal_uart.o
    0x080031a0   0x080031a0   0x0000007a   Code   RO         1092    .text.UART_WaitOnFlagUntilTimeout  stm32f4xx_hal_uart.o
    0x0800321a   0x0800321a   0x00000002   PAD
    0x0800321c   0x0800321c   0x00000078   Code   RO          116    .text.USART2_IRQHandler  mqtt.o
    0x08003294   0x08003294   0x00000020   Code   RO          389    .text.__NVIC_EnableIRQ  stm32f4xx_hal_cortex.o
    0x080032b4   0x080032b4   0x00000010   Code   RO          381    .text.__NVIC_GetPriorityGrouping  stm32f4xx_hal_cortex.o
    0x080032c4   0x080032c4   0x00000022   Code   RO          383    .text.__NVIC_SetPriority  stm32f4xx_hal_cortex.o
    0x080032e6   0x080032e6   0x00000002   PAD
    0x080032e8   0x080032e8   0x00000020   Code   RO          377    .text.__NVIC_SetPriorityGrouping  stm32f4xx_hal_cortex.o
    0x08003308   0x08003308   0x00000012   Code   RO           61    .text.cfg_load_uint32  config.o
    0x0800331a   0x0800331a   0x00000002   PAD
    0x0800331c   0x0800331c   0x0000002a   Code   RO           63    .text.cfg_store_uint32  config.o
    0x08003346   0x08003346   0x00000002   PAD
    0x08003348   0x08003348   0x0000001c   Code   RO          202    .text.delay_ms      delay.o
    0x08003364   0x08003364   0x00000018   Code   RO          200    .text.delay_us      delay.o
    0x0800337c   0x0800337c   0x00000028   Code   RO           65    .text.erase_cfg_sector  config.o
    0x080033a4   0x080033a4   0x00000034   Code   RO          104    .text.esp_send      mqtt.o
    0x080033d8   0x080033d8   0x00000040   Code   RO          106    .text.esp_wifi_lowpower  mqtt.o
    0x08003418   0x08003418   0x00000052   Code   RO            8    .text.led_init      main.o
    0x0800346a   0x0800346a   0x00000002   PAD
    0x0800346c   0x0800346c   0x00000478   Code   RO            2    .text.main          main.o
    0x080038e4   0x080038e4   0x000001a8   Code   RO          114    .text.mqtt_init     mqtt.o
    0x08003a8c   0x08003a8c   0x00000180   Code   RO          118    .text.mqtt_process_line  mqtt.o
    0x08003c0c   0x08003c0c   0x00000002   Code   RO          120    .text.mqtt_process_uart  mqtt.o
    0x08003c0e   0x08003c0e   0x00000002   PAD
    0x08003c10   0x08003c10   0x000000dc   Code   RO          110    .text.mqtt_publish  mqtt.o
    0x08003cec   0x08003cec   0x000000d0   Code   RO          108    .text.mqtt_publish_raw  mqtt.o
    0x08003dbc   0x08003dbc   0x0000005e   Code   RO          137    .text.relay_init    relay.o
    0x08003e1a   0x08003e1a   0x00000002   PAD
    0x08003e1c   0x08003e1c   0x00000064   Code   RO          139    .text.relay_set     relay.o
    0x08003e80   0x08003e80   0x000000e6   Code   RO          150    .text.sensor_init   sensor.o
    0x08003f66   0x08003f66   0x00000002   PAD
    0x08003f68   0x08003f68   0x000000c6   Code   RO          172    .text.servo_init    servo.o
    0x0800402e   0x0800402e   0x00000002   PAD
    0x08004030   0x08004030   0x0000003c   Code   RO          174    .text.servo_start_sweep  servo.o
    0x0800406c   0x0800406c   0x00000020   Code   RO          176    .text.servo_stop    servo.o
    0x0800408c   0x0800408c   0x00000024   Code   RO           90    .text.set_input     dht11.o
    0x080040b0   0x080040b0   0x00000026   Code   RO           86    .text.set_output    dht11.o
    0x080040d6   0x080040d6   0x00000002   PAD
    0x080040d8   0x080040d8   0x00000002   Code   RO          192    .text.timer_init    timer.o
    0x080040da   0x080040da   0x00000002   PAD
    0x080040dc   0x080040dc   0x0000009c   Code   RO          112    .text.wifi_init     mqtt.o
    0x08004178   0x08004178   0x0000003e   Code   RO         1358    CL$$btod_d2e        c_w.l(btod.o)
    0x080041b6   0x080041b6   0x00000046   Code   RO         1360    CL$$btod_d2e_denorm_low  c_w.l(btod.o)
    0x080041fc   0x080041fc   0x00000060   Code   RO         1359    CL$$btod_d2e_norm_op1  c_w.l(btod.o)
    0x0800425c   0x0800425c   0x00000338   Code   RO         1368    CL$$btod_div_common  c_w.l(btod.o)
    0x08004594   0x08004594   0x000000dc   Code   RO         1365    CL$$btod_e2e        c_w.l(btod.o)
    0x08004670   0x08004670   0x0000002a   Code   RO         1362    CL$$btod_ediv       c_w.l(btod.o)
    0x0800469a   0x0800469a   0x0000002a   Code   RO         1361    CL$$btod_emul       c_w.l(btod.o)
    0x080046c4   0x080046c4   0x00000244   Code   RO         1367    CL$$btod_mult_common  c_w.l(btod.o)
    0x08004908   0x08004908   0x00000030   Code   RO         1390    i.__ARM_fpclassify  m_wm.l(fpclassify.o)
    0x08004938   0x08004938   0x0000000e   Code   RO         1251    i._is_digit         c_w.l(__printf_wp.o)
    0x08004946   0x08004946   0x00000002   PAD
    0x08004948   0x08004948   0x0000002c   Code   RO         1383    locale$$code        c_w.l(lc_ctype_c.o)
    0x08004974   0x08004974   0x0000002c   Code   RO         1386    locale$$code        c_w.l(lc_numeric_c.o)
    0x080049a0   0x080049a0   0x0000000c   Code   RO         1317    x$fpl$dretinf       fz_wm.l(dretinf.o)
    0x080049ac   0x080049ac   0x00000056   Code   RO         1284    x$fpl$f2d           fz_wm.l(f2d.o)
    0x08004a02   0x08004a02   0x0000008c   Code   RO         1319    x$fpl$fnaninf       fz_wm.l(fnaninf.o)
    0x08004a8e   0x08004a8e   0x0000001a   Code   RO         1465    x$fpl$fpinit        fz_wm.l(fpinit.o)
    0x08004aa8   0x08004aa8   0x00000004   Code   RO         1286    x$fpl$printf1       fz_wm.l(printf1.o)
    0x08004aac   0x08004aac   0x00000000   Code   RO         1321    x$fpl$usenofp       fz_wm.l(usenofp.o)
    0x08004aac   0x08004aac   0x00000094   Data   RO         1356    .constdata          c_w.l(bigflt0.o)
    0x08004b40   0x08004b40   0x00000014   Data   RO           67    .rodata..L__const.erase_cfg_sector.er  config.o
    0x08004b54   0x08004b54   0x00000010   Data   RO         1218    .rodata.AHBPrescTable  system_stm32f4xx_1.o
    0x08004b64   0x08004b64   0x00000008   Data   RO         1219    .rodata.APBPrescTable  system_stm32f4xx_1.o
    0x08004b6c   0x08004b6c   0x00000030   Data   RO           27    .rodata.str1.1      main.o
    0x08004b9c   0x08004b9c   0x000000c8   Data   RO          126    .rodata.str1.1      mqtt.o
    0x08004c64   0x08004c64   0x00000020   Data   RO         1541    Region$$Table       anon$$obj.o
    0x08004c84   0x08004c84   0x00000110   Data   RO         1382    locale$$data        c_w.l(lc_ctype_c.o)
    0x08004d94   0x08004d94   0x0000001c   Data   RO         1385    locale$$data        c_w.l(lc_numeric_c.o)


    Execution Region ER_RW (Exec base: 0x20000000, Load base: 0x08004db0, Size: 0x00000014, Max: 0xffffffff, ABSOLUTE)

    Exec Addr    Load Addr    Size         Type   Attr      Idx    E Section Name        Object

    0x20000000   0x08004db0   0x00000004   Data   RW         1217    .data.SystemCoreClock  system_stm32f4xx_1.o
    0x20000004   0x08004db4   0x00000004   Data   RW           26    .data.moisture_threshold  main.o
    0x20000008   0x08004db8   0x00000004   Data   RW          183    .data.pulse_us      servo.o
    0x2000000c   0x08004dbc   0x00000001   Data   RW          267    .data.uwTickFreq    stm32f4xx_hal.o
    0x2000000d   0x08004dbd   0x00000003   PAD
    0x20000010   0x08004dc0   0x00000004   Data   RW          266    .data.uwTickPrio    stm32f4xx_hal.o


    Execution Region ER_ZI (Exec base: 0x20000018, Load base: 0x08004dc4, Size: 0x000008e8, Max: 0xffffffff, ABSOLUTE)

    Exec Addr    Load Addr    Size         Type   Attr      Idx    E Section Name        Object

    0x20000018        -       0x00000060   Zero   RW         1323    .bss                c_w.l(libspace.o)
    0x20000078        -       0x00000004   Zero   RW           43    .bss.SysTick_Handler.ms500  stm32f4xx_it.o
    0x2000007c        -       0x00000004   Zero   RW           44    .bss.SysTick_Handler.msH  stm32f4xx_it.o
    0x20000080        -       0x00000001   Zero   RW           15    .bss.config_flag    main.o
    0x20000081        -       0x00000001   Zero   RW           25    .bss.dht_hum        main.o
    0x20000082        -       0x00000001   Zero   RW           24    .bss.dht_temp       main.o
    0x20000083        -       0x00000001   Zero   RW          182    .bss.direction      servo.o
    0x20000084        -       0x00000001   Zero   RW          123    .bss.esp_busy       mqtt.o
    0x20000085        -       0x00000001   Zero   RW          124    .bss.esp_prompt_ready  mqtt.o
    0x20000086        -       0x00000001   Zero   RW           13    .bss.h_flag         main.o
    0x20000087   0x08004dc4   0x00000001   PAD
    0x20000088        -       0x00000048   Zero   RW          162    .bss.hadc1          sensor.o
    0x200000d0        -       0x00000048   Zero   RW           29    .bss.htim1          main.o
    0x20000118        -       0x00000048   Zero   RW          180    .bss.htim3          servo.o
    0x20000160        -       0x00000044   Zero   RW          125    .bss.huart2         mqtt.o
    0x200001a4        -       0x00000002   Zero   RW          127    .bss.idx            mqtt.o
    0x200001a6   0x08004dc4   0x00000002   PAD
    0x200001a8        -       0x00000004   Zero   RW           23    .bss.light_percent  main.o
    0x200001ac        -       0x00000004   Zero   RW           21    .bss.light_raw      main.o
    0x200001b0        -       0x00000001   Zero   RW           14    .bss.m_flag         main.o
    0x200001b1        -       0x00000001   Zero   RW           28    .bss.main.tick      main.o
    0x200001b2        -       0x00000001   Zero   RW           16    .bss.manual_flag    main.o
    0x200001b3        -       0x00000001   Zero   RW           17    .bss.manual_stop_flag  main.o
    0x200001b4        -       0x00000004   Zero   RW           22    .bss.moisture_percent  main.o
    0x200001b8        -       0x00000004   Zero   RW           20    .bss.moisture_raw   main.o
    0x200001bc        -       0x00000020   Zero   RW          545    .bss.pFlash         stm32f4xx_hal_flash.o
    0x200001dc        -       0x00000004   Zero   RW           19    .bss.pump_timer_ms  main.o
    0x200001e0        -       0x00000001   Zero   RW          141    .bss.relay_state    relay.o
    0x200001e1        -       0x00000100   Zero   RW          128    .bss.rx             mqtt.o
    0x200002e1        -       0x00000001   Zero   RW           12    .bss.s500_flag      main.o
    0x200002e2   0x08004dc4   0x00000002   PAD
    0x200002e4        -       0x00000010   Zero   RW          163    .bss.sConfig        sensor.o
    0x200002f4        -       0x00000001   Zero   RW          181    .bss.sweeping       servo.o
    0x200002f5   0x08004dc4   0x00000003   PAD
    0x200002f8        -       0x00000004   Zero   RW          268    .bss.uwTick         stm32f4xx_hal.o
    0x200002fc        -       0x00000001   Zero   RW           18    .bss.watering       main.o
    0x200002fd   0x08004dc4   0x00000003   PAD
    0x20000300        -       0x00000200   Zero   RW         1204    HEAP                startup_stm32f407xx.o
    0x20000500        -       0x00000400   Zero   RW         1203    STACK               startup_stm32f407xx.o


==============================================================================

Image component sizes


      Code (inc. data)   RO Data    RW Data    ZI Data      Debug   Object Name

       100          0         20          0          0       1519   config.o
        52          0          0          0          0        663   delay.o
       500          0          0          0          0       3683   dht11.o
      1482        120         48          4        102       7942   main.o
      1630        340        200          0        328       9262   mqtt.o
       194          0          0          0          1       2432   relay.o
       436         20          0          0         88       7551   sensor.o
       400          0          0          4         74       7865   servo.o
        64         26        392          0       1536        868   startup_stm32f407xx.o
       214          0          0          5          4       7552   stm32f4xx_hal.o
      1588          0          0          0          0      11258   stm32f4xx_hal_adc.o
         2          0          0          0          0       9203   stm32f4xx_hal_adc_ex.o
       268          0          0          0          0      11063   stm32f4xx_hal_cortex.o
       576          0          0          0         32       5560   stm32f4xx_hal_flash.o
       374          0          0          0          0       5851   stm32f4xx_hal_flash_ex.o
       446          0          0          0          0       5416   stm32f4xx_hal_gpio.o
       120          0          0          0          0       6298   stm32f4xx_hal_msp.o
        30          0          0          0          0       4921   stm32f4xx_hal_pwr.o
      1378          0          0          0          0       7567   stm32f4xx_hal_rcc.o
      1872          4          0          0          0      45065   stm32f4xx_hal_tim.o
         4          0          0          0          0      19457   stm32f4xx_hal_tim_ex.o
       642          0          0          0          0      24956   stm32f4xx_hal_uart.o
       140          0          0          0          8       1655   stm32f4xx_it.o
        18          0         24          4          0       2832   system_stm32f4xx_1.o
         2          0          0          0          0        326   timer.o

    ----------------------------------------------------------------------
     12656        510        716         20       2184     210765   Object Totals
         0          0         32          0          0          0   (incl. Generated)
       124          0          0          3         11          0   (incl. Padding)

    ----------------------------------------------------------------------

      Code (inc. data)   RO Data    RW Data    ZI Data      Debug   Library Member Name

        56          6          0          0          0         88   __2snprintf.o
         8          0          0          0          0         68   __main.o
       352          0          0          0          0         88   __printf_ss_wp.o
        14          0          0          0          0         68   __printf_wp.o
         0          0          0          0          0          0   __rtentry.o
        12          0          0          0          0          0   __rtentry2.o
         6          0          0          0          0          0   __rtentry4.o
        52          8          0          0          0          0   __scatter.o
        26          0          0          0          0          0   __scatter_copy.o
        28          0          0          0          0          0   __scatter_zi.o
        28          0          0          0          0         68   _chval.o
        44          0          0          0          0        108   _printf_char.o
        48          6          0          0          0         96   _printf_char_common.o
         6          0          0          0          0          0   _printf_d.o
       120         16          0          0          0         92   _printf_dec.o
         6          0          0          0          0          0   _printf_f.o
      1052          0          0          0          0        148   _printf_fp_dec.o
       128         16          0          0          0         84   _printf_fp_infnan.o
       178          0          0          0          0         88   _printf_intcommon.o
         0          0          0          0          0          0   _printf_percent.o
         4          0          0          0          0          0   _printf_percent_end.o
         6          0          0          0          0          0   _printf_s.o
        82          0          0          0          0         80   _printf_str.o
         6          0          0          0          0          0   _printf_u.o
        16          0          0          0          0         68   _snputc.o
        10          0          0          0          0         68   _sputc.o
       158          0          0          0          0         92   _strtoul.o
       228          4        148          0          0         96   bigflt0.o
      1936        128          0          0          0        668   btod.o
        18          0          0          0          0         80   exit.o
         6          0          0          0          0        152   heapauxi.o
         0          0          0          0          0          0   indicate_semi.o
        44         10        272          0          0         76   lc_ctype_c.o
        44         10         28          0          0         76   lc_numeric_c.o
         2          0          0          0          0          0   libinit.o
        34          0          0          0          0          0   libinit2.o
         2          0          0          0          0          0   libshutdown.o
         2          0          0          0          0          0   libshutdown2.o
         8          4          0          0         96         68   libspace.o
       138          0          0          0          0         80   lludiv10.o
       240          0          0          0          0        100   lludivv7m.o
        16          4          0          0          0         76   rt_ctype_table.o
         8          4          0          0          0         68   rt_errno_addr_intlibspace.o
         8          4          0          0          0         68   rt_locale_intlibspace.o
        78          0          0          0          0         80   rt_memclr_w.o
         2          0          0          0          0          0   rtexit.o
        10          0          0          0          0          0   rtexit2.o
        20          0          0          0          0         68   strchr.o
       124          0          0          0          0         88   strcmpv7em.o
        62          0          0          0          0         76   strlen.o
        22          0          0          0          0         68   strrchr.o
        36          0          0          0          0         80   strstr.o
       114          0          0          0          0         92   strtoul.o
        12          4          0          0          0         68   sys_exit.o
        74          0          0          0          0         80   sys_stackheap_outer.o
         2          0          0          0          0         68   use_no_semi.o
        12          0          0          0          0        116   dretinf.o
        86          4          0          0          0        132   f2d.o
       140          4          0          0          0        132   fnaninf.o
        26          0          0          0          0        116   fpinit.o
         4          0          0          0          0        116   printf1.o
         0          0          0          0          0          0   usenofp.o
        48          0          0          0          0        124   fpclassify.o

    ----------------------------------------------------------------------
      6068        232        448          0         96       4416   Library Totals
        16          0          0          0          0          0   (incl. Padding)

    ----------------------------------------------------------------------

      Code (inc. data)   RO Data    RW Data    ZI Data      Debug   Library Name

      5736        224        448          0         96       3680   c_w.l
       268          8          0          0          0        612   fz_wm.l
        48          0          0          0          0        124   m_wm.l

    ----------------------------------------------------------------------
      6068        232        448          0         96       4416   Library Totals

    ----------------------------------------------------------------------

==============================================================================


      Code (inc. data)   RO Data    RW Data    ZI Data      Debug   

     18724        742       1164         20       2280     212241   Grand Totals
     18724        742       1164         20       2280     212241   ELF Image Totals
     18724        742       1164         20          0          0   ROM Totals

==============================================================================

    Total RO  Size (Code + RO Data)                19888 (  19.42kB)
    Total RW  Size (RW Data + ZI Data)              2300 (   2.25kB)
    Total ROM Size (Code + RO Data + RW Data)      19908 (  19.44kB)

==============================================================================

